Archive member included to satisfy reference by file (symbol)

E:/ST/STM32CubeIDE/STM32CubeIDE/plugins/com.st.stm32cube.ide.mcu.externaltools.gnu-tools-for-stm32.12.3.rel1.win32_1.0.200.202406191623/tools/bin/../lib/gcc/arm-none-eabi/12.3.1/../../../../arm-none-eabi/lib/thumb/v7-m/nofp\libc_nano.a(libc_a-exit.o)
                              E:/ST/STM32CubeIDE/STM32CubeIDE/plugins/com.st.stm32cube.ide.mcu.externaltools.gnu-tools-for-stm32.12.3.rel1.win32_1.0.200.202406191623/tools/bin/../lib/gcc/arm-none-eabi/12.3.1/../../../../arm-none-eabi/lib/thumb/v7-m/nofp/crt0.o (exit)
E:/ST/STM32CubeIDE/STM32CubeIDE/plugins/com.st.stm32cube.ide.mcu.externaltools.gnu-tools-for-stm32.12.3.rel1.win32_1.0.200.202406191623/tools/bin/../lib/gcc/arm-none-eabi/12.3.1/../../../../arm-none-eabi/lib/thumb/v7-m/nofp\libc_nano.a(libc_a-findfp.o)
                              E:/ST/STM32CubeIDE/STM32CubeIDE/plugins/com.st.stm32cube.ide.mcu.externaltools.gnu-tools-for-stm32.12.3.rel1.win32_1.0.200.202406191623/tools/bin/../lib/gcc/arm-none-eabi/12.3.1/../../../../arm-none-eabi/lib/thumb/v7-m/nofp\libc_nano.a(libc_a-exit.o) (__stdio_exit_handler)
E:/ST/STM32CubeIDE/STM32CubeIDE/plugins/com.st.stm32cube.ide.mcu.externaltools.gnu-tools-for-stm32.12.3.rel1.win32_1.0.200.202406191623/tools/bin/../lib/gcc/arm-none-eabi/12.3.1/../../../../arm-none-eabi/lib/thumb/v7-m/nofp\libc_nano.a(libc_a-fwalk.o)
                              E:/ST/STM32CubeIDE/STM32CubeIDE/plugins/com.st.stm32cube.ide.mcu.externaltools.gnu-tools-for-stm32.12.3.rel1.win32_1.0.200.202406191623/tools/bin/../lib/gcc/arm-none-eabi/12.3.1/../../../../arm-none-eabi/lib/thumb/v7-m/nofp\libc_nano.a(libc_a-findfp.o) (_fwalk_sglue)
E:/ST/STM32CubeIDE/STM32CubeIDE/plugins/com.st.stm32cube.ide.mcu.externaltools.gnu-tools-for-stm32.12.3.rel1.win32_1.0.200.202406191623/tools/bin/../lib/gcc/arm-none-eabi/12.3.1/../../../../arm-none-eabi/lib/thumb/v7-m/nofp\libc_nano.a(libc_a-stdio.o)
                              E:/ST/STM32CubeIDE/STM32CubeIDE/plugins/com.st.stm32cube.ide.mcu.externaltools.gnu-tools-for-stm32.12.3.rel1.win32_1.0.200.202406191623/tools/bin/../lib/gcc/arm-none-eabi/12.3.1/../../../../arm-none-eabi/lib/thumb/v7-m/nofp\libc_nano.a(libc_a-findfp.o) (__sread)
E:/ST/STM32CubeIDE/STM32CubeIDE/plugins/com.st.stm32cube.ide.mcu.externaltools.gnu-tools-for-stm32.12.3.rel1.win32_1.0.200.202406191623/tools/bin/../lib/gcc/arm-none-eabi/12.3.1/../../../../arm-none-eabi/lib/thumb/v7-m/nofp\libc_nano.a(libc_a-memset.o)
                              E:/ST/STM32CubeIDE/STM32CubeIDE/plugins/com.st.stm32cube.ide.mcu.externaltools.gnu-tools-for-stm32.12.3.rel1.win32_1.0.200.202406191623/tools/bin/../lib/gcc/arm-none-eabi/12.3.1/../../../../arm-none-eabi/lib/thumb/v7-m/nofp/crt0.o (memset)
E:/ST/STM32CubeIDE/STM32CubeIDE/plugins/com.st.stm32cube.ide.mcu.externaltools.gnu-tools-for-stm32.12.3.rel1.win32_1.0.200.202406191623/tools/bin/../lib/gcc/arm-none-eabi/12.3.1/../../../../arm-none-eabi/lib/thumb/v7-m/nofp\libc_nano.a(libc_a-closer.o)
                              E:/ST/STM32CubeIDE/STM32CubeIDE/plugins/com.st.stm32cube.ide.mcu.externaltools.gnu-tools-for-stm32.12.3.rel1.win32_1.0.200.202406191623/tools/bin/../lib/gcc/arm-none-eabi/12.3.1/../../../../arm-none-eabi/lib/thumb/v7-m/nofp\libc_nano.a(libc_a-stdio.o) (_close_r)
E:/ST/STM32CubeIDE/STM32CubeIDE/plugins/com.st.stm32cube.ide.mcu.externaltools.gnu-tools-for-stm32.12.3.rel1.win32_1.0.200.202406191623/tools/bin/../lib/gcc/arm-none-eabi/12.3.1/../../../../arm-none-eabi/lib/thumb/v7-m/nofp\libc_nano.a(libc_a-reent.o)
                              E:/ST/STM32CubeIDE/STM32CubeIDE/plugins/com.st.stm32cube.ide.mcu.externaltools.gnu-tools-for-stm32.12.3.rel1.win32_1.0.200.202406191623/tools/bin/../lib/gcc/arm-none-eabi/12.3.1/../../../../arm-none-eabi/lib/thumb/v7-m/nofp\libc_nano.a(libc_a-closer.o) (errno)
E:/ST/STM32CubeIDE/STM32CubeIDE/plugins/com.st.stm32cube.ide.mcu.externaltools.gnu-tools-for-stm32.12.3.rel1.win32_1.0.200.202406191623/tools/bin/../lib/gcc/arm-none-eabi/12.3.1/../../../../arm-none-eabi/lib/thumb/v7-m/nofp\libc_nano.a(libc_a-impure.o)
                              E:/ST/STM32CubeIDE/STM32CubeIDE/plugins/com.st.stm32cube.ide.mcu.externaltools.gnu-tools-for-stm32.12.3.rel1.win32_1.0.200.202406191623/tools/bin/../lib/gcc/arm-none-eabi/12.3.1/../../../../arm-none-eabi/lib/thumb/v7-m/nofp\libc_nano.a(libc_a-reent.o) (_impure_ptr)
E:/ST/STM32CubeIDE/STM32CubeIDE/plugins/com.st.stm32cube.ide.mcu.externaltools.gnu-tools-for-stm32.12.3.rel1.win32_1.0.200.202406191623/tools/bin/../lib/gcc/arm-none-eabi/12.3.1/../../../../arm-none-eabi/lib/thumb/v7-m/nofp\libc_nano.a(libc_a-lseekr.o)
                              E:/ST/STM32CubeIDE/STM32CubeIDE/plugins/com.st.stm32cube.ide.mcu.externaltools.gnu-tools-for-stm32.12.3.rel1.win32_1.0.200.202406191623/tools/bin/../lib/gcc/arm-none-eabi/12.3.1/../../../../arm-none-eabi/lib/thumb/v7-m/nofp\libc_nano.a(libc_a-stdio.o) (_lseek_r)
[...]
Memory Configuration

Name             Origin             Length             Attributes
RAM              0x20000000         0x00005000         xrw
FLASH            0x08000000         0x00010000         xr
*default*        0x00000000         0xffffffff

Linker script and memory map

LOAD E:/ST/STM32CubeIDE/STM32CubeIDE/plugins/com.st.stm32cube.ide.mcu.externaltools.gnu-tools-for-stm32.12.3.rel1.win32_1.0.200.202406191623/tools/bin/../lib/gcc/arm-none-eabi/12.3.1/thumb/v7-m/nofp/crti.o
LOAD E:/ST/STM32CubeIDE/STM32CubeIDE/plugins/com.st.stm32cube.ide.mcu.externaltools.gnu-tools-for-stm32.12.3.rel1.win32_1.0.200.202406191623/tools/bin/../lib/gcc/arm-none-eabi/12.3.1/thumb/v7-m/nofp/crtbegin.o
LOAD E:/ST/STM32CubeIDE/STM32CubeIDE/plugins/com.st.stm32cube.ide.mcu.externaltools.gnu-tools-for-stm32.12.3.rel1.win32_1.0.200.202406191623/tools/bin/../lib/gcc/arm-none-eabi/12.3.1/../../../../arm-none-eabi/lib/thumb/v7-m/nofp/crt0.o
LOAD ./Core/Src/gpio.o
LOAD ./Core/Src/joystick.o
LOAD ./Core/Src/main.o
LOAD ./Core/Src/stm32f1xx_hal_msp.o
LOAD ./Core/Src/stm32f1xx_it.o
LOAD ./Core/Src/syscalls.o
LOAD ./Core/Src/sysmem.o
LOAD ./Core/Src/system_stm32f1xx.o
LOAD ./Core/Startup/startup_stm32f103c8tx.o
LOAD ./Drivers/STM32F1xx_HAL_Driver/Src/stm32f1xx_hal.o
LOAD ./Drivers/STM32F1xx_HAL_Driver/Src/stm32f1xx_hal_cortex.o
LOAD ./Drivers/STM32F1xx_HAL_Driver/Src/stm32f1xx_hal_dma.o
LOAD ./Drivers/STM32F1xx_HAL_Driver/Src/stm32f1xx_hal_exti.o
LOAD ./Drivers/STM32F1xx_HAL_Driver/Src/stm32f1xx_hal_flash.o
LOAD ./Drivers/STM32F1xx_HAL_Driver/Src/stm32f1xx_hal_flash_ex.o
LOAD ./Drivers/STM32F1xx_HAL_Driver/Src/stm32f1xx_hal_gpio.o
LOAD ./Drivers/STM32F1xx_HAL_Driver/Src/stm32f1xx_hal_gpio_ex.o
LOAD ./Drivers/STM32F1xx_HAL_Driver/Src/stm32f1xx_hal_pcd.o
LOAD ./Drivers/STM32F1xx_HAL_Driver/Src/stm32f1xx_hal_pcd_ex.o
LOAD ./Drivers/STM32F1xx_HAL_Driver/Src/stm32f1xx_hal_pwr.o
LOAD ./Drivers/STM32F1xx_HAL_Driver/Src/stm32f1xx_hal_rcc.o
LOAD ./Drivers/STM32F1xx_HAL_Driver/Src/stm32f1xx_hal_rcc_ex.o
LOAD ./Drivers/STM32F1xx_HAL_Driver/Src/stm32f1xx_hal_tim.o
LOAD ./Drivers/STM32F1xx_HAL_Driver/Src/stm32f1xx_hal_tim_ex.o
LOAD ./Drivers/STM32F1xx_HAL_Driver/Src/stm32f1xx_ll_usb.o
LOAD ./Middlewares/ST/STM32_USB_Device_Library/Class/CustomHID/Src/usbd_customhid.o
LOAD ./Middlewares/ST/STM32_USB_Device_Library/Core/Src/usbd_core.o
LOAD ./Middlewares/ST/STM32_USB_Device_Library/Core/Src/usbd_ctlreq.o
LOAD ./Middlewares/ST/STM32_USB_Device_Library/Core/Src/usbd_ioreq.o
LOAD ./USB_DEVICE/App/usb_device.o
LOAD ./USB_DEVICE/App/usbd_custom_hid_if.o
LOAD ./USB_DEVICE/App/usbd_desc.o
LOAD ./USB_DEVICE/Target/usbd_conf.o
START GROUP
LOAD E:/ST/STM32CubeIDE/STM32CubeIDE/plugins/com.st.stm32cube.ide.mcu.externaltools.gnu-tools-for-stm32.12.3.rel1.win32_1.0.200.202406191623/tools/bin/../lib/gcc/arm-none-eabi/12.3.1/../../../../arm-none-eabi/lib/thumb/v7-m/nofp\libstdc++_nano.a
LOAD E:/ST/STM32CubeIDE/STM32CubeIDE/plugins/com.st.stm32cube.ide.mcu.externaltools.gnu-tools-for-stm32.12.3.rel1.win32_1.0.200.202406191623/tools/bin/../lib/gcc/arm-none-eabi/12.3.1/../../../../arm-none-eabi/lib/thumb/v7-m/nofp\libsupc++_nano.a
END GROUP
LOAD E:/ST/STM32CubeIDE/STM32CubeIDE/plugins/com.st.stm32cube.ide.mcu.externaltools.gnu-tools-for-stm32.12.3.rel1.win32_1.0.200.202406191623/tools/bin/../lib/gcc/arm-none-eabi/12.3.1/../../../../arm-none-eabi/lib/thumb/v7-m/nofp\libstdc++_nano.a
LOAD E:/ST/STM32CubeIDE/STM32CubeIDE/plugins/com.st.stm32cube.ide.mcu.externaltools.gnu-tools-for-stm32.12.3.rel1.win32_1.0.200.202406191623/tools/bin/../lib/gcc/arm-none-eabi/12.3.1/../../../../arm-none-eabi/lib/thumb/v7-m/nofp\libm.a
LOAD E:/ST/STM32CubeIDE/STM32CubeIDE/plugins/com.st.stm32cube.ide.mcu.externaltools.gnu-tools-for-stm32.12.3.rel1.win32_1.0.200.202406191623/tools/bin/../lib/gcc/arm-none-eabi/12.3.1/../../../../arm-none-eabi/lib/thumb/v7-m/nofp\libc_nano.a
START GROUP
LOAD E:/ST/STM32CubeIDE/STM32CubeIDE/plugins/com.st.stm32cube.ide.mcu.externaltools.gnu-tools-for-stm32.12.3.rel1.win32_1.0.200.202406191623/tools/bin/../lib/gcc/arm-none-eabi/12.3.1/thumb/v7-m/nofp\libgcc.a
LOAD E:/ST/STM32CubeIDE/STM32CubeIDE/plugins/com.st.stm32cube.ide.mcu.externaltools.gnu-tools-for-stm32.12.3.rel1.win32_1.0.200.202406191623/tools/bin/../lib/gcc/arm-none-eabi/12.3.1/../../../../arm-none-eabi/lib/thumb/v7-m/nofp\libc_nano.a
END GROUP
START GROUP
LOAD E:/ST/STM32CubeIDE/STM32CubeIDE/plugins/com.st.stm32cube.ide.mcu.externaltools.gnu-tools-for-stm32.12.3.rel1.win32_1.0.200.202406191623/tools/bin/../lib/gcc/arm-none-eabi/12.3.1/thumb/v7-m/nofp\libgcc.a
LOAD E:/ST/STM32CubeIDE/STM32CubeIDE/plugins/com.st.stm32cube.ide.mcu.externaltools.gnu-tools-for-stm32.12.3.rel1.win32_1.0.200.202406191623/tools/bin/../lib/gcc/arm-none-eabi/12.3.1/../../../../arm-none-eabi/lib/thumb/v7-m/nofp\libc_nano.a
LOAD E:/ST/STM32CubeIDE/STM32CubeIDE/plugins/com.st.stm32cube.ide.mcu.externaltools.gnu-tools-for-stm32.12.3.rel1.win32_1.0.200.202406191623/tools/bin/../lib/gcc/arm-none-eabi/12.3.1/../../../../arm-none-eabi/lib/thumb/v7-m/nofp\libnosys.a
END GROUP
START GROUP
LOAD E:/ST/STM32CubeIDE/STM32CubeIDE/plugins/com.st.stm32cube.ide.mcu.externaltools.gnu-tools-for-stm32.12.3.rel1.win32_1.0.200.202406191623/tools/bin/../lib/gcc/arm-none-eabi/12.3.1/thumb/v7-m/nofp\libgcc.a
LOAD E:/ST/STM32CubeIDE/STM32CubeIDE/plugins/com.st.stm32cube.ide.mcu.externaltools.gnu-tools-for-stm32.12.3.rel1.win32_1.0.200.202406191623/tools/bin/../lib/gcc/arm-none-eabi/12.3.1/../../../../arm-none-eabi/lib/thumb/v7-m/nofp\libc_nano.a
LOAD E:/ST/STM32CubeIDE/STM32CubeIDE/plugins/com.st.stm32cube.ide.mcu.externaltools.gnu-tools-for-stm32.12.3.rel1.win32_1.0.200.202406191623/tools/bin/../lib/gcc/arm-none-eabi/12.3.1/../../../../arm-none-eabi/lib/thumb/v7-m/nofp\libnosys.a
END GROUP
LOAD E:/ST/STM32CubeIDE/STM32CubeIDE/plugins/com.st.stm32cube.ide.mcu.externaltools.gnu-tools-for-stm32.12.3.rel1.win32_1.0.200.202406191623/tools/bin/../lib/gcc/arm-none-eabi/12.3.1/thumb/v7-m/nofp/crtend.o
LOAD E:/ST/STM32CubeIDE/STM32CubeIDE/plugins/com.st.stm32cube.ide.mcu.externaltools.gnu-tools-for-stm32.12.3.rel1.win32_1.0.200.202406191623/tools/bin/../lib/gcc/arm-none-eabi/12.3.1/thumb/v7-m/nofp/crtn.o
                0x20005000                        _estack = (ORIGIN (RAM) + LENGTH (RAM))
                0x00001000                        _Min_Heap_Size = 0x1000
                0x00000400                        _Min_Stack_Size = 0x400

.isr_vector     0x08000000      0x10c
                0x08000000                        . = ALIGN (0x4)
 *(.isr_vector)
 .isr_vector    0x08000000      0x10c ./Core/Startup/startup_stm32f103c8tx.o
                0x08000000                g_pfnVectors
                0x0800010c                        . = ALIGN (0x4)

.text           0x0800010c     0x745c
                0x0800010c                        . = ALIGN (0x4)
 *(.text)
 .text          0x0800010c       0x40 E:/ST/STM32CubeIDE/STM32CubeIDE/plugins/com.st.stm32cube.ide.mcu.externaltools.gnu-tools-for-stm32.12.3.rel1.win32_1.0.200.202406191623/tools/bin/../lib/gcc/arm-none-eabi/12.3.1/thumb/v7-m/nofp/crtbegin.o
 *(.text*)
 .text.MX_GPIO_Init
                0x0800014c      0x150 ./Core/Src/gpio.o
                0x0800014c                MX_GPIO_Init
 .text.main     0x0800029c       0x40 ./Core/Src/main.o
                0x0800029c                main
 .text.SystemClock_Config
                0x080002dc       0xc0 ./Core/Src/main.o
                0x080002dc                SystemClock_Config
 .text.Error_Handler
                0x0800039c        0xc ./Core/Src/main.o
                0x0800039c                Error_Handler
 .text.HAL_MspInit
                0x080003a8       0x64 ./Core/Src/stm32f1xx_hal_msp.o
                0x080003a8                HAL_MspInit
 .text.NMI_Handler
                0x0800040c        0x8 ./Core/Src/stm32f1xx_it.o
                0x0800040c                NMI_Handler
 .text.HardFault_Handler
                0x08000414        0x8 ./Core/Src/stm32f1xx_it.o
                0x08000414                HardFault_Handler
 .text.MemManage_Handler
                0x0800041c        0x8 ./Core/Src/stm32f1xx_it.o
                0x0800041c                MemManage_Handler
 .text.BusFault_Handler
                0x08000424        0x8 ./Core/Src/stm32f1xx_it.o
                0x08000424                BusFault_Handler
 .text.UsageFault_Handler
                0x0800042c        0x8 ./Core/Src/stm32f1xx_it.o
                0x0800042c                UsageFault_Handler
 .text.SVC_Handler
                0x08000434        0xc ./Core/Src/stm32f1xx_it.o
                0x08000434                SVC_Handler
 .text.DebugMon_Handler
                0x08000440        0xc ./Core/Src/stm32f1xx_it.o
                0x08000440                DebugMon_Handler
 .text.PendSV_Handler
                0x0800044c        0xc ./Core/Src/stm32f1xx_it.o
                0x0800044c                PendSV_Handler
 .text.SysTick_Handler
                0x08000458        0xc ./Core/Src/stm32f1xx_it.o
                0x08000458                SysTick_Handler
 .text.EXTI4_IRQHandler
                0x08000464       0x3c ./Core/Src/stm32f1xx_it.o
                0x08000464                EXTI4_IRQHandler
 .text.USB_LP_CAN1_RX0_IRQHandler
                0x080004a0       0x14 ./Core/Src/stm32f1xx_it.o
                0x080004a0                USB_LP_CAN1_RX0_IRQHandler
 .text.EXTI9_5_IRQHandler
                0x080004b4       0x3c ./Core/Src/stm32f1xx_it.o
                0x080004b4                EXTI9_5_IRQHandler
 .text.SystemInit
                0x080004f0        0xc ./Core/Src/system_stm32f1xx.o
                0x080004f0                SystemInit
 .text.Reset_Handler
                0x080004fc       0x48 ./Core/Startup/startup_stm32f103c8tx.o
                0x080004fc                Reset_Handler
 .text.Default_Handler
                0x08000544        0x2 ./Core/Startup/startup_stm32f103c8tx.o
                0x08000544                RTC_Alarm_IRQHandler
                0x08000544                EXTI2_IRQHandler
                0x08000544                TIM1_CC_IRQHandler
                0x08000544                PVD_IRQHandler
                0x08000544                EXTI3_IRQHandler
                0x08000544                EXTI0_IRQHandler
                0x08000544                I2C2_EV_IRQHandler
                0x08000544                ADC1_2_IRQHandler
                0x08000544                SPI1_IRQHandler
                0x08000544                TAMPER_IRQHandler
                0x08000544                DMA1_Channel4_IRQHandler
                0x08000544                USART3_IRQHandler
                0x08000544                RTC_IRQHandler
                0x08000544                DMA1_Channel7_IRQHandler
                0x08000544                CAN1_RX1_IRQHandler
                0x08000544                TIM4_IRQHandler
                0x08000544                I2C1_EV_IRQHandler
                0x08000544                DMA1_Channel6_IRQHandler
                0x08000544                TIM3_IRQHandler
                0x08000544                RCC_IRQHandler
                0x08000544                TIM1_TRG_COM_IRQHandler
                0x08000544                DMA1_Channel1_IRQHandler
                0x08000544                Default_Handler
                0x08000544                EXTI15_10_IRQHandler
                0x08000544                SPI2_IRQHandler
                0x08000544                DMA1_Channel5_IRQHandler
                0x08000544                USB_HP_CAN1_TX_IRQHandler
                0x08000544                DMA1_Channel3_IRQHandler
                0x08000544                TIM1_UP_IRQHandler
                0x08000544                WWDG_IRQHandler
                0x08000544                TIM2_IRQHandler
                0x08000544                TIM1_BRK_IRQHandler
                0x08000544                EXTI1_IRQHandler
                0x08000544                USART2_IRQHandler
                0x08000544                I2C2_ER_IRQHandler
                0x08000544                DMA1_Channel2_IRQHandler
                0x08000544                CAN1_SCE_IRQHandler
                0x08000544                FLASH_IRQHandler
                0x08000544                USART1_IRQHandler
                0x08000544                I2C1_ER_IRQHandler
                0x08000544                USBWakeUp_IRQHandler
 *fill*         0x08000546        0x2 
 .text.HAL_Init
                0x08000548       0x2c ./Drivers/STM32F1xx_HAL_Driver/Src/stm32f1xx_hal.o
                0x08000548                HAL_Init
 .text.HAL_InitTick
                0x08000574       0x60 ./Drivers/STM32F1xx_HAL_Driver/Src/stm32f1xx_hal.o
                0x08000574                HAL_InitTick
 .text.HAL_IncTick
                0x080005d4       0x24 ./Drivers/STM32F1xx_HAL_Driver/Src/stm32f1xx_hal.o
                0x080005d4                HAL_IncTick
 .text.HAL_GetTick
                0x080005f8       0x14 ./Drivers/STM32F1xx_HAL_Driver/Src/stm32f1xx_hal.o
                0x080005f8                HAL_GetTick
 .text.__NVIC_SetPriorityGrouping
                0x0800060c       0x48 ./Drivers/STM32F1xx_HAL_Driver/Src/stm32f1xx_hal_cortex.o
 .text.__NVIC_GetPriorityGrouping
                0x08000654       0x1c ./Drivers/STM32F1xx_HAL_Driver/Src/stm32f1xx_hal_cortex.o
 .text.__NVIC_EnableIRQ
                0x08000670       0x38 ./Drivers/STM32F1xx_HAL_Driver/Src/stm32f1xx_hal_cortex.o
 .text.__NVIC_SetPriority
                0x080006a8       0x54 ./Drivers/STM32F1xx_HAL_Driver/Src/stm32f1xx_hal_cortex.o
 .text.NVIC_EncodePriority
                0x080006fc       0x64 ./Drivers/STM32F1xx_HAL_Driver/Src/stm32f1xx_hal_cortex.o
 .text.SysTick_Config
                0x08000760       0x44 ./Drivers/STM32F1xx_HAL_Driver/Src/stm32f1xx_hal_cortex.o
 .text.HAL_NVIC_SetPriorityGrouping
                0x080007a4       0x16 ./Drivers/STM32F1xx_HAL_Driver/Src/stm32f1xx_hal_cortex.o
                0x080007a4                HAL_NVIC_SetPriorityGrouping
 .text.HAL_NVIC_SetPriority
                0x080007ba       0x38 ./Drivers/STM32F1xx_HAL_Driver/Src/stm32f1xx_hal_cortex.o
                0x080007ba                HAL_NVIC_SetPriority
 .text.HAL_NVIC_EnableIRQ
                0x080007f2       0x1c ./Drivers/STM32F1xx_HAL_Driver/Src/stm32f1xx_hal_cortex.o
                0x080007f2                HAL_NVIC_EnableIRQ
 .text.HAL_SYSTICK_Config
                0x0800080e       0x18 ./Drivers/STM32F1xx_HAL_Driver/Src/stm32f1xx_hal_cortex.o
                0x0800080e                HAL_SYSTICK_Config
 *fill*         0x08000826        0x2 
 .text.HAL_GPIO_Init
                0x08000828      0x308 ./Drivers/STM32F1xx_HAL_Driver/Src/stm32f1xx_hal_gpio.o
                0x08000828                HAL_GPIO_Init
 .text.HAL_GPIO_ReadPin
                0x08000b30       0x2e ./Drivers/STM32F1xx_HAL_Driver/Src/stm32f1xx_hal_gpio.o
                0x08000b30                HAL_GPIO_ReadPin
 .text.HAL_GPIO_WritePin
                0x08000b5e       0x30 ./Drivers/STM32F1xx_HAL_Driver/Src/stm32f1xx_hal_gpio.o
                0x08000b5e                HAL_GPIO_WritePin
 .text.HAL_GPIO_TogglePin
                0x08000b8e       0x32 ./Drivers/STM32F1xx_HAL_Driver/Src/stm32f1xx_hal_gpio.o
                0x08000b8e                HAL_GPIO_TogglePin
 .text.HAL_GPIO_EXTI_IRQHandler
                0x08000bc0       0x30 ./Drivers/STM32F1xx_HAL_Driver/Src/stm32f1xx_hal_gpio.o
                0x08000bc0                HAL_GPIO_EXTI_IRQHandler
 .text.HAL_GPIO_EXTI_Callback
                0x08000bf0       0x14 ./Drivers/STM32F1xx_HAL_Driver/Src/stm32f1xx_hal_gpio.o
                0x08000bf0                HAL_GPIO_EXTI_Callback
 .text.HAL_PCD_Init
                0x08000c04      0x1fe ./Drivers/STM32F1xx_HAL_Driver/Src/stm32f1xx_hal_pcd.o
                0x08000c04                HAL_PCD_Init
 .text.HAL_PCD_Start
                0x08000e02       0x4c ./Drivers/STM32F1xx_HAL_Driver/Src/stm32f1xx_hal_pcd.o
                0x08000e02                HAL_PCD_Start
 .text.HAL_PCD_IRQHandler
                0x08000e4e      0x260 ./Drivers/STM32F1xx_HAL_Driver/Src/stm32f1xx_hal_pcd.o
                0x08000e4e                HAL_PCD_IRQHandler
 .text.HAL_PCD_SetAddress
                0x080010ae       0x4a ./Drivers/STM32F1xx_HAL_Driver/Src/stm32f1xx_hal_pcd.o
                0x080010ae                HAL_PCD_SetAddress
 .text.HAL_PCD_EP_Open
                0x080010f8       0xba ./Drivers/STM32F1xx_HAL_Driver/Src/stm32f1xx_hal_pcd.o
                0x080010f8                HAL_PCD_EP_Open
 .text.HAL_PCD_EP_Close
                0x080011b2       0x90 ./Drivers/STM32F1xx_HAL_Driver/Src/stm32f1xx_hal_pcd.o
                0x080011b2                HAL_PCD_EP_Close
 .text.HAL_PCD_EP_Receive
                0x08001242       0x62 ./Drivers/STM32F1xx_HAL_Driver/Src/stm32f1xx_hal_pcd.o
                0x08001242                HAL_PCD_EP_Receive
 .text.HAL_PCD_EP_Transmit
                0x080012a4       0x6e ./Drivers/STM32F1xx_HAL_Driver/Src/stm32f1xx_hal_pcd.o
                0x080012a4                HAL_PCD_EP_Transmit
 .text.HAL_PCD_EP_SetStall
                0x08001312       0xc0 ./Drivers/STM32F1xx_HAL_Driver/Src/stm32f1xx_hal_pcd.o
                0x08001312                HAL_PCD_EP_SetStall
 .text.HAL_PCD_EP_ClrStall
                0x080013d2       0xa8 ./Drivers/STM32F1xx_HAL_Driver/Src/stm32f1xx_hal_pcd.o
                0x080013d2                HAL_PCD_EP_ClrStall
 .text.PCD_EP_ISR_Handler
                0x0800147a      0x7a4 ./Drivers/STM32F1xx_HAL_Driver/Src/stm32f1xx_hal_pcd.o
 .text.HAL_PCD_EP_DB_Receive
                0x08001c1e      0x21a ./Drivers/STM32F1xx_HAL_Driver/Src/stm32f1xx_hal_pcd.o
 .text.HAL_PCD_EP_DB_Transmit
                0x08001e38      0x7f4 ./Drivers/STM32F1xx_HAL_Driver/Src/stm32f1xx_hal_pcd.o
 .text.HAL_PCDEx_PMAConfig
                0x0800262c       0x84 ./Drivers/STM32F1xx_HAL_Driver/Src/stm32f1xx_hal_pcd_ex.o
                0x0800262c                HAL_PCDEx_PMAConfig
 .text.HAL_RCC_OscConfig
                0x080026b0      0x504 ./Drivers/STM32F1xx_HAL_Driver/Src/stm32f1xx_hal_rcc.o
                0x080026b0                HAL_RCC_OscConfig
 .text.HAL_RCC_ClockConfig
                0x08002bb4      0x1d4 ./Drivers/STM32F1xx_HAL_Driver/Src/stm32f1xx_hal_rcc.o
                0x08002bb4                HAL_RCC_ClockConfig
 .text.HAL_RCC_MCOConfig
                0x08002d88       0x70 ./Drivers/STM32F1xx_HAL_Driver/Src/stm32f1xx_hal_rcc.o
                0x08002d88                HAL_RCC_MCOConfig
 .text.HAL_RCC_GetSysClockFreq
                0x08002df8       0xa8 ./Drivers/STM32F1xx_HAL_Driver/Src/stm32f1xx_hal_rcc.o
                0x08002df8                HAL_RCC_GetSysClockFreq
 .text.RCC_Delay
                0x08002ea0       0x3c ./Drivers/STM32F1xx_HAL_Driver/Src/stm32f1xx_hal_rcc.o
 .text.HAL_RCCEx_PeriphCLKConfig
                0x08002edc      0x16c ./Drivers/STM32F1xx_HAL_Driver/Src/stm32f1xx_hal_rcc_ex.o
                0x08002edc                HAL_RCCEx_PeriphCLKConfig
 .text.USB_CoreInit
                0x08003048       0x20 ./Drivers/STM32F1xx_HAL_Driver/Src/stm32f1xx_ll_usb.o
                0x08003048                USB_CoreInit
 .text.USB_EnableGlobalInt
                0x08003068       0x2c ./Drivers/STM32F1xx_HAL_Driver/Src/stm32f1xx_ll_usb.o
                0x08003068                USB_EnableGlobalInt
 .text.USB_DisableGlobalInt
                0x08003094       0x34 ./Drivers/STM32F1xx_HAL_Driver/Src/stm32f1xx_ll_usb.o
                0x08003094                USB_DisableGlobalInt
 .text.USB_SetCurrentMode
                0x080030c8       0x18 ./Drivers/STM32F1xx_HAL_Driver/Src/stm32f1xx_ll_usb.o
                0x080030c8                USB_SetCurrentMode
 .text.USB_DevInit
                0x080030e0       0x40 ./Drivers/STM32F1xx_HAL_Driver/Src/stm32f1xx_ll_usb.o
                0x080030e0                USB_DevInit
 .text.USB_ActivateEndpoint
                0x08003120      0x780 ./Drivers/STM32F1xx_HAL_Driver/Src/stm32f1xx_ll_usb.o
                0x08003120                USB_ActivateEndpoint
 .text.USB_DeactivateEndpoint
                0x080038a0      0x3d8 ./Drivers/STM32F1xx_HAL_Driver/Src/stm32f1xx_ll_usb.o
                0x080038a0                USB_DeactivateEndpoint
 .text.USB_EPStartXfer
                0x08003c78     0x1762 ./Drivers/STM32F1xx_HAL_Driver/Src/stm32f1xx_ll_usb.o
                0x08003c78                USB_EPStartXfer
 .text.USB_EPSetStall
                0x080053da       0xa0 ./Drivers/STM32F1xx_HAL_Driver/Src/stm32f1xx_ll_usb.o
                0x080053da                USB_EPSetStall
 .text.USB_EPClearStall
                0x0800547a      0x15a ./Drivers/STM32F1xx_HAL_Driver/Src/stm32f1xx_ll_usb.o
                0x0800547a                USB_EPClearStall
 .text.USB_SetDevAddress
                0x080055d4       0x26 ./Drivers/STM32F1xx_HAL_Driver/Src/stm32f1xx_ll_usb.o
                0x080055d4                USB_SetDevAddress
 .text.USB_DevConnect
                0x080055fa       0x14 ./Drivers/STM32F1xx_HAL_Driver/Src/stm32f1xx_ll_usb.o
                0x080055fa                USB_DevConnect
 .text.USB_DevDisconnect
                0x0800560e       0x14 ./Drivers/STM32F1xx_HAL_Driver/Src/stm32f1xx_ll_usb.o
                0x0800560e                USB_DevDisconnect
 .text.USB_ReadInterrupts
                0x08005622       0x1e ./Drivers/STM32F1xx_HAL_Driver/Src/stm32f1xx_ll_usb.o
                0x08005622                USB_ReadInterrupts
 .text.USB_EP0_OutStart
                0x08005640       0x16 ./Drivers/STM32F1xx_HAL_Driver/Src/stm32f1xx_ll_usb.o
                0x08005640                USB_EP0_OutStart
 .text.USB_WritePMA
                0x08005656       0x8a ./Drivers/STM32F1xx_HAL_Driver/Src/stm32f1xx_ll_usb.o
                0x08005656                USB_WritePMA
 .text.USB_ReadPMA
                0x080056e0       0x9e ./Drivers/STM32F1xx_HAL_Driver/Src/stm32f1xx_ll_usb.o
                0x080056e0                USB_ReadPMA
 .text.USBD_CUSTOM_HID_Init
                0x0800577e       0x82 ./Middlewares/ST/STM32_USB_Device_Library/Class/CustomHID/Src/usbd_customhid.o
 .text.USBD_CUSTOM_HID_DeInit
                0x08005800       0x5c ./Middlewares/ST/STM32_USB_Device_Library/Class/CustomHID/Src/usbd_customhid.o
 .text.USBD_CUSTOM_HID_Setup
                0x0800585c      0x200 ./Middlewares/ST/STM32_USB_Device_Library/Class/CustomHID/Src/usbd_customhid.o
 .text.USBD_CUSTOM_HID_SendReport
                0x08005a5c       0x4a ./Middlewares/ST/STM32_USB_Device_Library/Class/CustomHID/Src/usbd_customhid.o
                0x08005a5c                USBD_CUSTOM_HID_SendReport
 *fill*         0x08005aa6        0x2 
 .text.USBD_CUSTOM_HID_GetFSCfgDesc
                0x08005aa8       0x20 ./Middlewares/ST/STM32_USB_Device_Library/Class/CustomHID/Src/usbd_customhid.o
 .text.USBD_CUSTOM_HID_GetHSCfgDesc
                0x08005ac8       0x20 ./Middlewares/ST/STM32_USB_Device_Library/Class/CustomHID/Src/usbd_customhid.o
 .text.USBD_CUSTOM_HID_GetOtherSpeedCfgDesc
                0x08005ae8       0x20 ./Middlewares/ST/STM32_USB_Device_Library/Class/CustomHID/Src/usbd_customhid.o
 .text.USBD_CUSTOM_HID_DataIn
                0x08005b08       0x22 ./Middlewares/ST/STM32_USB_Device_Library/Class/CustomHID/Src/usbd_customhid.o
 .text.USBD_CUSTOM_HID_DataOut
                0x08005b2a       0x38 ./Middlewares/ST/STM32_USB_Device_Library/Class/CustomHID/Src/usbd_customhid.o
 .text.USBD_CUSTOM_HID_EP0_RxReady
                0x08005b62       0x36 ./Middlewares/ST/STM32_USB_Device_Library/Class/CustomHID/Src/usbd_customhid.o
 .text.USBD_CUSTOM_HID_GetDeviceQualifierDesc
                0x08005b98       0x20 ./Middlewares/ST/STM32_USB_Device_Library/Class/CustomHID/Src/usbd_customhid.o
 .text.USBD_CUSTOM_HID_RegisterInterface
                0x08005bb8       0x2c ./Middlewares/ST/STM32_USB_Device_Library/Class/CustomHID/Src/usbd_customhid.o
                0x08005bb8                USBD_CUSTOM_HID_RegisterInterface
 .text.USBD_Init
                0x08005be4       0x56 ./Middlewares/ST/STM32_USB_Device_Library/Core/Src/usbd_core.o
                0x08005be4                USBD_Init
 .text.USBD_RegisterClass
                0x08005c3a       0x32 ./Middlewares/ST/STM32_USB_Device_Library/Core/Src/usbd_core.o
                0x08005c3a                USBD_RegisterClass
 .text.USBD_Start
                0x08005c6c       0x18 ./Middlewares/ST/STM32_USB_Device_Library/Core/Src/usbd_core.o
                0x08005c6c                USBD_Start
 .text.USBD_RunTestMode
                0x08005c84       0x14 ./Middlewares/ST/STM32_USB_Device_Library/Core/Src/usbd_core.o
                0x08005c84                USBD_RunTestMode
 .text.USBD_SetClassConfig
                0x08005c98       0x3e ./Middlewares/ST/STM32_USB_Device_Library/Core/Src/usbd_core.o
                0x08005c98                USBD_SetClassConfig
 .text.USBD_ClrClassConfig
                0x08005cd6       0x26 ./Middlewares/ST/STM32_USB_Device_Library/Core/Src/usbd_core.o
                0x08005cd6                USBD_ClrClassConfig
 .text.USBD_LL_SetupStage
                0x08005cfc       0x9a ./Middlewares/ST/STM32_USB_Device_Library/Core/Src/usbd_core.o
                0x08005cfc                USBD_LL_SetupStage
 .text.USBD_LL_DataOutStage
                0x08005d96       0xe2 ./Middlewares/ST/STM32_USB_Device_Library/Core/Src/usbd_core.o
                0x08005d96                USBD_LL_DataOutStage
 .text.USBD_LL_DataInStage
                0x08005e78      0x14a ./Middlewares/ST/STM32_USB_Device_Library/Core/Src/usbd_core.o
                0x08005e78                USBD_LL_DataInStage
 .text.USBD_LL_Reset
                0x08005fc2       0x82 ./Middlewares/ST/STM32_USB_Device_Library/Core/Src/usbd_core.o
                0x08005fc2                USBD_LL_Reset
 .text.USBD_LL_SetSpeed
                0x08006044       0x1e ./Middlewares/ST/STM32_USB_Device_Library/Core/Src/usbd_core.o
                0x08006044                USBD_LL_SetSpeed
 .text.USBD_LL_Suspend
                0x08006062       0x28 ./Middlewares/ST/STM32_USB_Device_Library/Core/Src/usbd_core.o
                0x08006062                USBD_LL_Suspend
 .text.USBD_LL_Resume
                0x0800608a       0x2a ./Middlewares/ST/STM32_USB_Device_Library/Core/Src/usbd_core.o
                0x0800608a                USBD_LL_Resume
 .text.USBD_LL_SOF
                0x080060b4       0x34 ./Middlewares/ST/STM32_USB_Device_Library/Core/Src/usbd_core.o
                0x080060b4                USBD_LL_SOF
 .text.USBD_StdDevReq
                0x080060e8       0xd4 ./Middlewares/ST/STM32_USB_Device_Library/Core/Src/usbd_ctlreq.o
                0x080060e8                USBD_StdDevReq
 .text.USBD_StdItfReq
                0x080061bc       0x90 ./Middlewares/ST/STM32_USB_Device_Library/Core/Src/usbd_ctlreq.o
                0x080061bc                USBD_StdItfReq
 .text.USBD_StdEPReq
                0x0800624c      0x2c6 ./Middlewares/ST/STM32_USB_Device_Library/Core/Src/usbd_ctlreq.o
                0x0800624c                USBD_StdEPReq
 *fill*         0x08006512        0x2 
 .text.USBD_GetDescriptor
                0x08006514      0x2d0 ./Middlewares/ST/STM32_USB_Device_Library/Core/Src/usbd_ctlreq.o
 .text.USBD_SetAddress
                0x080067e4       0x86 ./Middlewares/ST/STM32_USB_Device_Library/Core/Src/usbd_ctlreq.o
 *fill*         0x0800686a        0x2 
 .text.USBD_SetConfig
                0x0800686c      0x11c ./Middlewares/ST/STM32_USB_Device_Library/Core/Src/usbd_ctlreq.o
 .text.USBD_GetConfig
                0x08006988       0x6a ./Middlewares/ST/STM32_USB_Device_Library/Core/Src/usbd_ctlreq.o
 .text.USBD_GetStatus
                0x080069f2       0x66 ./Middlewares/ST/STM32_USB_Device_Library/Core/Src/usbd_ctlreq.o
 .text.USBD_SetFeature
                0x08006a58       0x28 ./Middlewares/ST/STM32_USB_Device_Library/Core/Src/usbd_ctlreq.o
 .text.USBD_ClrFeature
                0x08006a80       0x42 ./Middlewares/ST/STM32_USB_Device_Library/Core/Src/usbd_ctlreq.o
 .text.USBD_ParseSetupRequest
                0x08006ac2       0x72 ./Middlewares/ST/STM32_USB_Device_Library/Core/Src/usbd_ctlreq.o
                0x08006ac2                USBD_ParseSetupRequest
 .text.USBD_CtlError
                0x08006b34       0x22 ./Middlewares/ST/STM32_USB_Device_Library/Core/Src/usbd_ctlreq.o
                0x08006b34                USBD_CtlError
 .text.USBD_GetString
                0x08006b56       0x84 ./Middlewares/ST/STM32_USB_Device_Library/Core/Src/usbd_ctlreq.o
                0x08006b56                USBD_GetString
 .text.USBD_GetLen
                0x08006bda       0x2e ./Middlewares/ST/STM32_USB_Device_Library/Core/Src/usbd_ctlreq.o
 .text.USBD_CtlSendData
                0x08006c08       0x38 ./Middlewares/ST/STM32_USB_Device_Library/Core/Src/usbd_ioreq.o
                0x08006c08                USBD_CtlSendData
 .text.USBD_CtlContinueSendData
                0x08006c40       0x24 ./Middlewares/ST/STM32_USB_Device_Library/Core/Src/usbd_ioreq.o
                0x08006c40                USBD_CtlContinueSendData
 .text.USBD_CtlPrepareRx
                0x08006c64       0x3c ./Middlewares/ST/STM32_USB_Device_Library/Core/Src/usbd_ioreq.o
                0x08006c64                USBD_CtlPrepareRx
 .text.USBD_CtlContinueRx
                0x08006ca0       0x24 ./Middlewares/ST/STM32_USB_Device_Library/Core/Src/usbd_ioreq.o
                0x08006ca0                USBD_CtlContinueRx
 .text.USBD_CtlSendStatus
                0x08006cc4       0x26 ./Middlewares/ST/STM32_USB_Device_Library/Core/Src/usbd_ioreq.o
                0x08006cc4                USBD_CtlSendStatus
 .text.USBD_CtlReceiveStatus
                0x08006cea       0x26 ./Middlewares/ST/STM32_USB_Device_Library/Core/Src/usbd_ioreq.o
                0x08006cea                USBD_CtlReceiveStatus
 .text.MX_USB_DEVICE_Init
                0x08006d10       0x60 ./USB_DEVICE/App/usb_device.o
                0x08006d10                MX_USB_DEVICE_Init
 .text.CUSTOM_HID_Init_FS
                0x08006d70        0xe ./USB_DEVICE/App/usbd_custom_hid_if.o
 .text.CUSTOM_HID_DeInit_FS
                0x08006d7e        0xe ./USB_DEVICE/App/usbd_custom_hid_if.o
 .text.CUSTOM_HID_OutEvent_FS
                0x08006d8c       0x34 ./USB_DEVICE/App/usbd_custom_hid_if.o
 .text.USBD_FS_DeviceDescriptor
                0x08006dc0       0x24 ./USB_DEVICE/App/usbd_desc.o
                0x08006dc0                USBD_FS_DeviceDescriptor
 .text.USBD_FS_LangIDStrDescriptor
                0x08006de4       0x24 ./USB_DEVICE/App/usbd_desc.o
                0x08006de4                USBD_FS_LangIDStrDescriptor
 .text.USBD_FS_ProductStrDescriptor
                0x08006e08       0x3c ./USB_DEVICE/App/usbd_desc.o
                0x08006e08                USBD_FS_ProductStrDescriptor
 .text.USBD_FS_ManufacturerStrDescriptor
                0x08006e44       0x28 ./USB_DEVICE/App/usbd_desc.o
                0x08006e44                USBD_FS_ManufacturerStrDescriptor
 .text.USBD_FS_SerialStrDescriptor
                0x08006e6c       0x24 ./USB_DEVICE/App/usbd_desc.o
                0x08006e6c                USBD_FS_SerialStrDescriptor
 .text.USBD_FS_ConfigStrDescriptor
                0x08006e90       0x3c ./USB_DEVICE/App/usbd_desc.o
                0x08006e90                USBD_FS_ConfigStrDescriptor
 .text.USBD_FS_InterfaceStrDescriptor
                0x08006ecc       0x3c ./USB_DEVICE/App/usbd_desc.o
                0x08006ecc                USBD_FS_InterfaceStrDescriptor
 .text.Get_SerialNum
                0x08006f08       0x58 ./USB_DEVICE/App/usbd_desc.o
 .text.IntToUnicode
                0x08006f60       0x7c ./USB_DEVICE/App/usbd_desc.o
 .text.HAL_PCD_MspInit
                0x08006fdc       0x4c ./USB_DEVICE/Target/usbd_conf.o
                0x08006fdc                HAL_PCD_MspInit
 .text.HAL_PCD_SetupStageCallback
                0x08007028       0x24 ./USB_DEVICE/Target/usbd_conf.o
                0x08007028                HAL_PCD_SetupStageCallback
 .text.HAL_PCD_DataOutStageCallback
                0x0800704c       0x36 ./USB_DEVICE/Target/usbd_conf.o
                0x0800704c                HAL_PCD_DataOutStageCallback
 .text.HAL_PCD_DataInStageCallback
                0x08007082       0x34 ./USB_DEVICE/Target/usbd_conf.o
                0x08007082                HAL_PCD_DataInStageCallback
 .text.HAL_PCD_SOFCallback
                0x080070b6       0x1c ./USB_DEVICE/Target/usbd_conf.o
                0x080070b6                HAL_PCD_SOFCallback
 .text.HAL_PCD_ResetCallback
                0x080070d2       0x3c ./USB_DEVICE/Target/usbd_conf.o
                0x080070d2                HAL_PCD_ResetCallback
 *fill*         0x0800710e        0x2 
 .text.HAL_PCD_SuspendCallback
                0x08007110       0x34 ./USB_DEVICE/Target/usbd_conf.o
                0x08007110                HAL_PCD_SuspendCallback
 .text.HAL_PCD_ResumeCallback
                0x08007144       0x1c ./USB_DEVICE/Target/usbd_conf.o
                0x08007144                HAL_PCD_ResumeCallback
 .text.USBD_LL_Init
                0x08007160       0xa0 ./USB_DEVICE/Target/usbd_conf.o
                0x08007160                USBD_LL_Init
 .text.USBD_LL_Start
                0x08007200       0x36 ./USB_DEVICE/Target/usbd_conf.o
                0x08007200                USBD_LL_Start
 .text.USBD_LL_OpenEP
                0x08007236       0x4c ./USB_DEVICE/Target/usbd_conf.o
                0x08007236                USBD_LL_OpenEP
 .text.USBD_LL_CloseEP
                0x08007282       0x3e ./USB_DEVICE/Target/usbd_conf.o
                0x08007282                USBD_LL_CloseEP
 .text.USBD_LL_StallEP
                0x080072c0       0x3e ./USB_DEVICE/Target/usbd_conf.o
                0x080072c0                USBD_LL_StallEP
 .text.USBD_LL_ClearStallEP
                0x080072fe       0x3e ./USB_DEVICE/Target/usbd_conf.o
                0x080072fe                USBD_LL_ClearStallEP
 .text.USBD_LL_IsStallEP
                0x0800733c       0x58 ./USB_DEVICE/Target/usbd_conf.o
                0x0800733c                USBD_LL_IsStallEP
 .text.USBD_LL_SetUSBAddress
                0x08007394       0x3e ./USB_DEVICE/Target/usbd_conf.o
                0x08007394                USBD_LL_SetUSBAddress
 .text.USBD_LL_Transmit
                0x080073d2       0x46 ./USB_DEVICE/Target/usbd_conf.o
                0x080073d2                USBD_LL_Transmit
 .text.USBD_LL_PrepareReceive
                0x08007418       0x46 ./USB_DEVICE/Target/usbd_conf.o
                0x08007418                USBD_LL_PrepareReceive
 *fill*         0x0800745e        0x2 
 .text.USBD_static_malloc
                0x08007460       0x18 ./USB_DEVICE/Target/usbd_conf.o
                0x08007460                USBD_static_malloc
 .text.USBD_static_free
                0x08007478       0x12 ./USB_DEVICE/Target/usbd_conf.o
                0x08007478                USBD_static_free
 .text.HAL_PCDEx_SetConnectionState
                0x0800748a       0x16 ./USB_DEVICE/Target/usbd_conf.o
                0x0800748a                HAL_PCDEx_SetConnectionState
 .text.USBD_Get_USB_Status
                0x080074a0       0x58 ./USB_DEVICE/Target/usbd_conf.o
 .text.memset   0x080074f8       0x10 E:/ST/STM32CubeIDE/STM32CubeIDE/plugins/com.st.stm32cube.ide.mcu.externaltools.gnu-tools-for-stm32.12.3.rel1.win32_1.0.200.202406191623/tools/bin/../lib/gcc/arm-none-eabi/12.3.1/../../../../arm-none-eabi/lib/thumb/v7-m/nofp\libc_nano.a(libc_a-memset.o)
                0x080074f8                memset
 .text.__libc_init_array
                0x08007508       0x48 E:/ST/STM32CubeIDE/STM32CubeIDE/plugins/com.st.stm32cube.ide.mcu.externaltools.gnu-tools-for-stm32.12.3.rel1.win32_1.0.200.202406191623/tools/bin/../lib/gcc/arm-none-eabi/12.3.1/../../../../arm-none-eabi/lib/thumb/v7-m/nofp\libc_nano.a(libc_a-init.o)
                0x08007508                __libc_init_array
 *(.glue_7)
 .glue_7        0x08007550        0x0 linker stubs
 *(.glue_7t)
 .glue_7t       0x08007550        0x0 linker stubs
 *(.eh_frame)
 .eh_frame      0x08007550        0x0 E:/ST/STM32CubeIDE/STM32CubeIDE/plugins/com.st.stm32cube.ide.mcu.externaltools.gnu-tools-for-stm32.12.3.rel1.win32_1.0.200.202406191623/tools/bin/../lib/gcc/arm-none-eabi/12.3.1/thumb/v7-m/nofp/crtbegin.o
 *(.init)
 .init          0x08007550        0x4 E:/ST/STM32CubeIDE/STM32CubeIDE/plugins/com.st.stm32cube.ide.mcu.externaltools.gnu-tools-for-stm32.12.3.rel1.win32_1.0.200.202406191623/tools/bin/../lib/gcc/arm-none-eabi/12.3.1/thumb/v7-m/nofp/crti.o
                0x08007550                _init
 .init          0x08007554        0x8 E:/ST/STM32CubeIDE/STM32CubeIDE/plugins/com.st.stm32cube.ide.mcu.externaltools.gnu-tools-for-stm32.12.3.rel1.win32_1.0.200.202406191623/tools/bin/../lib/gcc/arm-none-eabi/12.3.1/thumb/v7-m/nofp/crtn.o
 *(.fini)
 .fini          0x0800755c        0x4 E:/ST/STM32CubeIDE/STM32CubeIDE/plugins/com.st.stm32cube.ide.mcu.externaltools.gnu-tools-for-stm32.12.3.rel1.win32_1.0.200.202406191623/tools/bin/../lib/gcc/arm-none-eabi/12.3.1/thumb/v7-m/nofp/crti.o
                0x0800755c                _fini
 .fini          0x08007560        0x8 E:/ST/STM32CubeIDE/STM32CubeIDE/plugins/com.st.stm32cube.ide.mcu.externaltools.gnu-tools-for-stm32.12.3.rel1.win32_1.0.200.202406191623/tools/bin/../lib/gcc/arm-none-eabi/12.3.1/thumb/v7-m/nofp/crtn.o
                0x08007568                        . = ALIGN (0x4)
                0x08007568                        _etext = .

.vfp11_veneer   0x08007568        0x0
 .vfp11_veneer  0x08007568        0x0 linker stubs

.v4_bx          0x08007568        0x0
 .v4_bx         0x08007568        0x0 linker stubs

.iplt           0x08007568        0x0
 .iplt          0x08007568        0x0 E:/ST/STM32CubeIDE/STM32CubeIDE/plugins/com.st.stm32cube.ide.mcu.externaltools.gnu-tools-for-stm32.12.3.rel1.win32_1.0.200.202406191623/tools/bin/../lib/gcc/arm-none-eabi/12.3.1/thumb/v7-m/nofp/crtbegin.o

.rodata         0x08007568       0x78
                0x08007568                        . = ALIGN (0x4)
 *(.rodata)
 .rodata        0x08007568       0x52 ./USB_DEVICE/App/usbd_desc.o
 *(.rodata*)
 *fill*         0x080075ba        0x2 
 .rodata.AHBPrescTable
                0x080075bc       0x10 ./Core/Src/system_stm32f1xx.o
                0x080075bc                AHBPrescTable
 .rodata.aPLLMULFactorTable.1
                0x080075cc       0x10 ./Drivers/STM32F1xx_HAL_Driver/Src/stm32f1xx_hal_rcc.o
 .rodata.aPredivFactorTable.0
                0x080075dc        0x2 ./Drivers/STM32F1xx_HAL_Driver/Src/stm32f1xx_hal_rcc.o
                0x080075e0                        . = ALIGN (0x4)
 *fill*         0x080075de        0x2 

.ARM.extab      0x080075e0        0x0
                0x080075e0                        . = ALIGN (0x4)
 *(.ARM.extab* .gnu.linkonce.armextab.*)
                0x080075e0                        . = ALIGN (0x4)

.ARM            0x080075e0        0x0
                0x080075e0                        . = ALIGN (0x4)
                0x080075e0                        __exidx_start = .
 *(.ARM.exidx*)
                0x080075e0                        __exidx_end = .
                0x080075e0                        . = ALIGN (0x4)

.preinit_array  0x080075e0        0x0
                0x080075e0                        . = ALIGN (0x4)
                0x080075e0                        PROVIDE (__preinit_array_start = .)
 *(.preinit_array*)
                0x080075e0                        PROVIDE (__preinit_array_end = .)
                0x080075e0                        . = ALIGN (0x4)

.init_array     0x080075e0        0x4
                0x080075e0                        . = ALIGN (0x4)
                0x080075e0                        PROVIDE (__init_array_start = .)
 *(SORT_BY_NAME(.init_array.*))
 *(.init_array*)
 .init_array    0x080075e0        0x4 E:/ST/STM32CubeIDE/STM32CubeIDE/plugins/com.st.stm32cube.ide.mcu.externaltools.gnu-tools-for-stm32.12.3.rel1.win32_1.0.200.202406191623/tools/bin/../lib/gcc/arm-none-eabi/12.3.1/thumb/v7-m/nofp/crtbegin.o
                0x080075e4                        PROVIDE (__init_array_end = .)
                0x080075e4                        . = ALIGN (0x4)

.fini_array     0x080075e4        0x4
                0x080075e4                        . = ALIGN (0x4)
                [!provide]                        PROVIDE (__fini_array_start = .)
 *(SORT_BY_NAME(.fini_array.*))
 *(.fini_array*)
 .fini_array    0x080075e4        0x4 E:/ST/STM32CubeIDE/STM32CubeIDE/plugins/com.st.stm32cube.ide.mcu.externaltools.gnu-tools-for-stm32.12.3.rel1.win32_1.0.200.202406191623/tools/bin/../lib/gcc/arm-none-eabi/12.3.1/thumb/v7-m/nofp/crtbegin.o
                [!provide]                        PROVIDE (__fini_array_end = .)
                0x080075e8                        . = ALIGN (0x4)
                0x080075e8                        _sidata = LOADADDR (.data)

.rel.dyn        0x080075e8        0x0
 .rel.iplt      0x080075e8        0x0 E:/ST/STM32CubeIDE/STM32CubeIDE/plugins/com.st.stm32cube.ide.mcu.externaltools.gnu-tools-for-stm32.12.3.rel1.win32_1.0.200.202406191623/tools/bin/../lib/gcc/arm-none-eabi/12.3.1/thumb/v7-m/nofp/crtbegin.o

.data           0x20000000      0x17c load address 0x080075e8
                0x20000000                        . = ALIGN (0x4)
                0x20000000                        _sdata = .
 *(.data)
 *(.data*)
 .data.joystick
                0x20000000        0x2 ./Core/Src/main.o
                0x20000000                joystick
 *fill*         0x20000002        0x2 
 .data.SystemCoreClock
                0x20000004        0x4 ./Core/Src/system_stm32f1xx.o
                0x20000004                SystemCoreClock
 .data.uwTickPrio
                0x20000008        0x4 ./Drivers/STM32F1xx_HAL_Driver/Src/stm32f1xx_hal.o
                0x20000008                uwTickPrio
 .data.uwTickFreq
                0x2000000c        0x1 ./Drivers/STM32F1xx_HAL_Driver/Src/stm32f1xx_hal.o
                0x2000000c                uwTickFreq
 *fill*         0x2000000d        0x3 
 .data.USBD_CUSTOM_HID
                0x20000010       0x38 ./Middlewares/ST/STM32_USB_Device_Library/Class/CustomHID/Src/usbd_customhid.o
                0x20000010                USBD_CUSTOM_HID
 .data.USBD_CUSTOM_HID_CfgFSDesc
                0x20000048       0x29 ./Middlewares/ST/STM32_USB_Device_Library/Class/CustomHID/Src/usbd_customhid.o
 *fill*         0x20000071        0x3 
 .data.USBD_CUSTOM_HID_CfgHSDesc
                0x20000074       0x29 ./Middlewares/ST/STM32_USB_Device_Library/Class/CustomHID/Src/usbd_customhid.o
 *fill*         0x2000009d        0x3 
 .data.USBD_CUSTOM_HID_OtherSpeedCfgDesc
                0x200000a0       0x29 ./Middlewares/ST/STM32_USB_Device_Library/Class/CustomHID/Src/usbd_customhid.o
 *fill*         0x200000c9        0x3 
 .data.USBD_CUSTOM_HID_Desc
                0x200000cc        0x9 ./Middlewares/ST/STM32_USB_Device_Library/Class/CustomHID/Src/usbd_customhid.o
 *fill*         0x200000d5        0x3 
 .data.USBD_CUSTOM_HID_DeviceQualifierDesc
                0x200000d8        0xa ./Middlewares/ST/STM32_USB_Device_Library/Class/CustomHID/Src/usbd_customhid.o
 *fill*         0x200000e2        0x2 
 .data.CUSTOM_HID_ReportDesc_FS
                0x200000e4       0x37 ./USB_DEVICE/App/usbd_custom_hid_if.o
 *fill*         0x2000011b        0x1 
 .data.USBD_CustomHID_fops_FS
                0x2000011c       0x10 ./USB_DEVICE/App/usbd_custom_hid_if.o
                0x2000011c                USBD_CustomHID_fops_FS
 .data.FS_Desc  0x2000012c       0x1c ./USB_DEVICE/App/usbd_desc.o
                0x2000012c                FS_Desc
 .data.USBD_FS_DeviceDesc
                0x20000148       0x12 ./USB_DEVICE/App/usbd_desc.o
                0x20000148                USBD_FS_DeviceDesc
 *fill*         0x2000015a        0x2 
 .data.USBD_LangIDDesc
                0x2000015c        0x4 ./USB_DEVICE/App/usbd_desc.o
                0x2000015c                USBD_LangIDDesc
 .data.USBD_StringSerial
                0x20000160       0x1a ./USB_DEVICE/App/usbd_desc.o
                0x20000160                USBD_StringSerial
 *(.RamFunc)
 *(.RamFunc*)
                0x2000017c                        . = ALIGN (0x4)
 *fill*         0x2000017a        0x2 
                0x2000017c                        _edata = .

.igot.plt       0x2000017c        0x0 load address 0x08007764
 .igot.plt      0x2000017c        0x0 E:/ST/STM32CubeIDE/STM32CubeIDE/plugins/com.st.stm32cube.ide.mcu.externaltools.gnu-tools-for-stm32.12.3.rel1.win32_1.0.200.202406191623/tools/bin/../lib/gcc/arm-none-eabi/12.3.1/thumb/v7-m/nofp/crtbegin.o
                0x2000017c                        . = ALIGN (0x4)

.bss            0x2000017c      0x678 load address 0x08007764
                0x2000017c                        _sbss = .
                0x2000017c                        __bss_start__ = _sbss
 *(.bss)
 .bss           0x2000017c       0x1c E:/ST/STM32CubeIDE/STM32CubeIDE/plugins/com.st.stm32cube.ide.mcu.externaltools.gnu-tools-for-stm32.12.3.rel1.win32_1.0.200.202406191623/tools/bin/../lib/gcc/arm-none-eabi/12.3.1/thumb/v7-m/nofp/crtbegin.o
 *(.bss*)
 .bss.button_changed
                0x20000198        0x1 ./Core/Src/main.o
                0x20000198                button_changed
 *fill*         0x20000199        0x3 
 .bss.uwTick    0x2000019c        0x4 ./Drivers/STM32F1xx_HAL_Driver/Src/stm32f1xx_hal.o
                0x2000019c                uwTick
 .bss.cfgidx.0  0x200001a0        0x1 ./Middlewares/ST/STM32_USB_Device_Library/Core/Src/usbd_ctlreq.o
 *fill*         0x200001a1        0x3 
 .bss.hUsbDeviceFS
                0x200001a4      0x2c4 ./USB_DEVICE/App/usb_device.o
                0x200001a4                hUsbDeviceFS
 .bss.USBD_StrDesc
                0x20000468       0x80 ./USB_DEVICE/App/usbd_desc.o
                0x20000468                USBD_StrDesc
 .bss.hpcd_USB_FS
                0x200004e8      0x2f0 ./USB_DEVICE/Target/usbd_conf.o
                0x200004e8                hpcd_USB_FS
 .bss.mem.0     0x200007d8       0x1c ./USB_DEVICE/Target/usbd_conf.o
 *(COMMON)
                0x200007f4                        . = ALIGN (0x4)
                0x200007f4                        _ebss = .
                0x200007f4                        __bss_end__ = _ebss

._user_heap_stack
                0x200007f4     0x1404 load address 0x08007764
                0x200007f8                        . = ALIGN (0x8)
 *fill*         0x200007f4        0x4 
                [!provide]                        PROVIDE (end = .)
                0x200007f8                        PROVIDE (_end = .)
                0x200017f8                        . = (. + _Min_Heap_Size)
 *fill*         0x200007f8     0x1000 
                0x20001bf8                        . = (. + _Min_Stack_Size)
 *fill*         0x200017f8      0x400 
                0x20001bf8                        . = ALIGN (0x8)

/DISCARD/
 libc.a(*)
 libm.a(*)
 libgcc.a(*)

.ARM.attributes
                0x00000000       0x29
 *(.ARM.attributes)
 .ARM.attributes
                0x00000000       0x1d E:/ST/STM32CubeIDE/STM32CubeIDE/plugins/com.st.stm32cube.ide.mcu.externaltools.gnu-tools-for-stm32.12.3.rel1.win32_1.0.200.202406191623/tools/bin/../lib/gcc/arm-none-eabi/12.3.1/thumb/v7-m/nofp/crti.o
 .ARM.attributes
                0x0000001d       0x2d E:/ST/STM32CubeIDE/STM32CubeIDE/plugins/com.st.stm32cube.ide.mcu.externaltools.gnu-tools-for-stm32.12.3.rel1.win32_1.0.200.202406191623/tools/bin/../lib/gcc/arm-none-eabi/12.3.1/thumb/v7-m/nofp/crtbegin.o
 .ARM.attributes
                0x0000004a       0x2d ./Core/Src/gpio.o
 .ARM.attributes
                0x00000077       0x2d ./Core/Src/main.o
 .ARM.attributes
                0x000000a4       0x2d ./Core/Src/stm32f1xx_hal_msp.o
 .ARM.attributes
                0x000000d1       0x2d ./Core/Src/stm32f1xx_it.o
 .ARM.attributes
                0x000000fe       0x2d ./Core/Src/system_stm32f1xx.o
 .ARM.attributes
                0x0000012b       0x21 ./Core/Startup/startup_stm32f103c8tx.o
 .ARM.attributes
                0x0000014c       0x2d ./Drivers/STM32F1xx_HAL_Driver/Src/stm32f1xx_hal.o
 .ARM.attributes
                0x00000179       0x2d ./Drivers/STM32F1xx_HAL_Driver/Src/stm32f1xx_hal_cortex.o
 .ARM.attributes
                0x000001a6       0x2d ./Drivers/STM32F1xx_HAL_Driver/Src/stm32f1xx_hal_gpio.o
 .ARM.attributes
                0x000001d3       0x2d ./Drivers/STM32F1xx_HAL_Driver/Src/stm32f1xx_hal_pcd.o
 .ARM.attributes
                0x00000200       0x2d ./Drivers/STM32F1xx_HAL_Driver/Src/stm32f1xx_hal_pcd_ex.o
 .ARM.attributes
                0x0000022d       0x2d ./Drivers/STM32F1xx_HAL_Driver/Src/stm32f1xx_hal_rcc.o
 .ARM.attributes
                0x0000025a       0x2d ./Drivers/STM32F1xx_HAL_Driver/Src/stm32f1xx_hal_rcc_ex.o
 .ARM.attributes
                0x00000287       0x2d ./Drivers/STM32F1xx_HAL_Driver/Src/stm32f1xx_ll_usb.o
 .ARM.attributes
                0x000002b4       0x2d ./Middlewares/ST/STM32_USB_Device_Library/Class/CustomHID/Src/usbd_customhid.o
 .ARM.attributes
                0x000002e1       0x2d ./Middlewares/ST/STM32_USB_Device_Library/Core/Src/usbd_core.o
 .ARM.attributes
                0x0000030e       0x2d ./Middlewares/ST/STM32_USB_Device_Library/Core/Src/usbd_ctlreq.o
 .ARM.attributes
                0x0000033b       0x2d ./Middlewares/ST/STM32_USB_Device_Library/Core/Src/usbd_ioreq.o
 .ARM.attributes
                0x00000368       0x2d ./USB_DEVICE/App/usb_device.o
 .ARM.attributes
                0x00000395       0x2d ./USB_DEVICE/App/usbd_custom_hid_if.o
 .ARM.attributes
                0x000003c2       0x2d ./USB_DEVICE/App/usbd_desc.o
 .ARM.attributes
                0x000003ef       0x2d ./USB_DEVICE/Target/usbd_conf.o
 .ARM.attributes
                0x0000041c       0x2d E:/ST/STM32CubeIDE/STM32CubeIDE/plugins/com.st.stm32cube.ide.mcu.externaltools.gnu-tools-for-stm32.12.3.rel1.win32_1.0.200.202406191623/tools/bin/../lib/gcc/arm-none-eabi/12.3.1/../../../../arm-none-eabi/lib/thumb/v7-m/nofp\libc_nano.a(libc_a-memset.o)
 .ARM.attributes
                0x00000449       0x2d E:/ST/STM32CubeIDE/STM32CubeIDE/plugins/com.st.stm32cube.ide.mcu.externaltools.gnu-tools-for-stm32.12.3.rel1.win32_1.0.200.202406191623/tools/bin/../lib/gcc/arm-none-eabi/12.3.1/../../../../arm-none-eabi/lib/thumb/v7-m/nofp\libc_nano.a(libc_a-init.o)
 .ARM.attributes
                0x00000476       0x1d E:/ST/STM32CubeIDE/STM32CubeIDE/plugins/com.st.stm32cube.ide.mcu.externaltools.gnu-tools-for-stm32.12.3.rel1.win32_1.0.200.202406191623/tools/bin/../lib/gcc/arm-none-eabi/12.3.1/thumb/v7-m/nofp/crtn.o
OUTPUT(testUSBdevice.elf elf32-littlearm)
LOAD linker stubs
LOAD E:/ST/STM32CubeIDE/STM32CubeIDE/plugins/com.st.stm32cube.ide.mcu.externaltools.gnu-tools-for-stm32.12.3.rel1.win32_1.0.200.202406191623/tools/bin/../lib/gcc/arm-none-eabi/12.3.1/../../../../arm-none-eabi/lib/thumb/v7-m/nofp\libc.a
LOAD E:/ST/STM32CubeIDE/STM32CubeIDE/plugins/com.st.stm32cube.ide.mcu.externaltools.gnu-tools-for-stm32.12.3.rel1.win32_1.0.200.202406191623/tools/bin/../lib/gcc/arm-none-eabi/12.3.1/../../../../arm-none-eabi/lib/thumb/v7-m/nofp\libm.a
LOAD E:/ST/STM32CubeIDE/STM32CubeIDE/plugins/com.st.stm32cube.ide.mcu.externaltools.gnu-tools-for-stm32.12.3.rel1.win32_1.0.200.202406191623/tools/bin/../lib/gcc/arm-none-eabi/12.3.1/thumb/v7-m/nofp\libgcc.a

.debug_info     0x00000000     0xb9c8
 .debug_info    0x00000000      0x44e ./Core/Src/gpio.o
 .debug_info    0x0000044e      0x7fe ./Core/Src/main.o
 .debug_info    0x00000c4c      0x1f1 ./Core/Src/stm32f1xx_hal_msp.o
 .debug_info    0x00000e3d      0x74b ./Core/Src/stm32f1xx_it.o
 .debug_info    0x00001588      0x222 ./Core/Src/system_stm32f1xx.o
 .debug_info    0x000017aa       0x30 ./Core/Startup/startup_stm32f103c8tx.o
 .debug_info    0x000017da      0x704 ./Drivers/STM32F1xx_HAL_Driver/Src/stm32f1xx_hal.o
 .debug_info    0x00001ede      0xa87 ./Drivers/STM32F1xx_HAL_Driver/Src/stm32f1xx_hal_cortex.o
 .debug_info    0x00002965      0x5ab ./Drivers/STM32F1xx_HAL_Driver/Src/stm32f1xx_hal_gpio.o
 .debug_info    0x00002f10     0x16cf ./Drivers/STM32F1xx_HAL_Driver/Src/stm32f1xx_hal_pcd.o
 .debug_info    0x000045df      0x6b6 ./Drivers/STM32F1xx_HAL_Driver/Src/stm32f1xx_hal_pcd_ex.o
 .debug_info    0x00004c95      0x7d5 ./Drivers/STM32F1xx_HAL_Driver/Src/stm32f1xx_hal_rcc.o
 .debug_info    0x0000546a      0x3c0 ./Drivers/STM32F1xx_HAL_Driver/Src/stm32f1xx_hal_rcc_ex.o
 .debug_info    0x0000582a     0x17a2 ./Drivers/STM32F1xx_HAL_Driver/Src/stm32f1xx_ll_usb.o
 .debug_info    0x00006fcc      0xab0 ./Middlewares/ST/STM32_USB_Device_Library/Class/CustomHID/Src/usbd_customhid.o
 .debug_info    0x00007a7c      0xa52 ./Middlewares/ST/STM32_USB_Device_Library/Core/Src/usbd_core.o
 .debug_info    0x000084ce      0x91c ./Middlewares/ST/STM32_USB_Device_Library/Core/Src/usbd_ctlreq.o
 .debug_info    0x00008dea      0x6a0 ./Middlewares/ST/STM32_USB_Device_Library/Core/Src/usbd_ioreq.o
 .debug_info    0x0000948a      0x615 ./USB_DEVICE/App/usb_device.o
 .debug_info    0x00009a9f      0x289 ./USB_DEVICE/App/usbd_custom_hid_if.o
 .debug_info    0x00009d28      0x449 ./USB_DEVICE/App/usbd_desc.o
 .debug_info    0x0000a171     0x1857 ./USB_DEVICE/Target/usbd_conf.o

.debug_abbrev   0x00000000     0x29fb
 .debug_abbrev  0x00000000      0x161 ./Core/Src/gpio.o
 .debug_abbrev  0x00000161      0x269 ./Core/Src/main.o
 .debug_abbrev  0x000003ca       0xdb ./Core/Src/stm32f1xx_hal_msp.o
 .debug_abbrev  0x000004a5      0x1d8 ./Core/Src/stm32f1xx_it.o
 .debug_abbrev  0x0000067d      0x13f ./Core/Src/system_stm32f1xx.o
 .debug_abbrev  0x000007bc       0x24 ./Core/Startup/startup_stm32f103c8tx.o
 .debug_abbrev  0x000007e0      0x201 ./Drivers/STM32F1xx_HAL_Driver/Src/stm32f1xx_hal.o
 .debug_abbrev  0x000009e1      0x2f8 ./Drivers/STM32F1xx_HAL_Driver/Src/stm32f1xx_hal_cortex.o
 .debug_abbrev  0x00000cd9      0x1ca ./Drivers/STM32F1xx_HAL_Driver/Src/stm32f1xx_hal_gpio.o
 .debug_abbrev  0x00000ea3      0x2d6 ./Drivers/STM32F1xx_HAL_Driver/Src/stm32f1xx_hal_pcd.o
 .debug_abbrev  0x00001179      0x189 ./Drivers/STM32F1xx_HAL_Driver/Src/stm32f1xx_hal_pcd_ex.o
 .debug_abbrev  0x00001302      0x2b3 ./Drivers/STM32F1xx_HAL_Driver/Src/stm32f1xx_hal_rcc.o
 .debug_abbrev  0x000015b5      0x188 ./Drivers/STM32F1xx_HAL_Driver/Src/stm32f1xx_hal_rcc_ex.o
 .debug_abbrev  0x0000173d      0x1de ./Drivers/STM32F1xx_HAL_Driver/Src/stm32f1xx_ll_usb.o
 .debug_abbrev  0x0000191b      0x272 ./Middlewares/ST/STM32_USB_Device_Library/Class/CustomHID/Src/usbd_customhid.o
 .debug_abbrev  0x00001b8d      0x24a ./Middlewares/ST/STM32_USB_Device_Library/Core/Src/usbd_core.o
 .debug_abbrev  0x00001dd7      0x26b ./Middlewares/ST/STM32_USB_Device_Library/Core/Src/usbd_ctlreq.o
 .debug_abbrev  0x00002042      0x192 ./Middlewares/ST/STM32_USB_Device_Library/Core/Src/usbd_ioreq.o
 .debug_abbrev  0x000021d4      0x18d ./USB_DEVICE/App/usb_device.o
 .debug_abbrev  0x00002361      0x18e ./USB_DEVICE/App/usbd_custom_hid_if.o
 .debug_abbrev  0x000024ef      0x1f6 ./USB_DEVICE/App/usbd_desc.o
 .debug_abbrev  0x000026e5      0x316 ./USB_DEVICE/Target/usbd_conf.o

.debug_aranges  0x00000000      0xa70
 .debug_aranges
                0x00000000       0x20 ./Core/Src/gpio.o
 .debug_aranges
                0x00000020       0x30 ./Core/Src/main.o
 .debug_aranges
                0x00000050       0x20 ./Core/Src/stm32f1xx_hal_msp.o
 .debug_aranges
                0x00000070       0x78 ./Core/Src/stm32f1xx_it.o
 .debug_aranges
                0x000000e8       0x28 ./Core/Src/system_stm32f1xx.o
 .debug_aranges
                0x00000110       0x28 ./Core/Startup/startup_stm32f103c8tx.o
 .debug_aranges
                0x00000138       0xe0 ./Drivers/STM32F1xx_HAL_Driver/Src/stm32f1xx_hal.o
 .debug_aranges
                0x00000218      0x100 ./Drivers/STM32F1xx_HAL_Driver/Src/stm32f1xx_hal_cortex.o
 .debug_aranges
                0x00000318       0x58 ./Drivers/STM32F1xx_HAL_Driver/Src/stm32f1xx_hal_gpio.o
 .debug_aranges
                0x00000370      0x140 ./Drivers/STM32F1xx_HAL_Driver/Src/stm32f1xx_hal_pcd.o
 .debug_aranges
                0x000004b0       0x38 ./Drivers/STM32F1xx_HAL_Driver/Src/stm32f1xx_hal_pcd_ex.o
 .debug_aranges
                0x000004e8       0x90 ./Drivers/STM32F1xx_HAL_Driver/Src/stm32f1xx_hal_rcc.o
 .debug_aranges
                0x00000578       0x30 ./Drivers/STM32F1xx_HAL_Driver/Src/stm32f1xx_hal_rcc_ex.o
 .debug_aranges
                0x000005a8       0xf8 ./Drivers/STM32F1xx_HAL_Driver/Src/stm32f1xx_ll_usb.o
 .debug_aranges
                0x000006a0       0x78 ./Middlewares/ST/STM32_USB_Device_Library/Class/CustomHID/Src/usbd_customhid.o
 .debug_aranges
                0x00000718       0xb8 ./Middlewares/ST/STM32_USB_Device_Library/Core/Src/usbd_core.o
 .debug_aranges
                0x000007d0       0x88 ./Middlewares/ST/STM32_USB_Device_Library/Core/Src/usbd_ctlreq.o
 .debug_aranges
                0x00000858       0x50 ./Middlewares/ST/STM32_USB_Device_Library/Core/Src/usbd_ioreq.o
 .debug_aranges
                0x000008a8       0x20 ./USB_DEVICE/App/usb_device.o
 .debug_aranges
                0x000008c8       0x30 ./USB_DEVICE/App/usbd_custom_hid_if.o
 .debug_aranges
                0x000008f8       0x60 ./USB_DEVICE/App/usbd_desc.o
 .debug_aranges
                0x00000958      0x118 ./USB_DEVICE/Target/usbd_conf.o

.debug_rnglists
                0x00000000      0x792
 .debug_rnglists
                0x00000000       0x14 ./Core/Src/gpio.o
 .debug_rnglists
                0x00000014       0x20 ./Core/Src/main.o
 .debug_rnglists
                0x00000034       0x13 ./Core/Src/stm32f1xx_hal_msp.o
 .debug_rnglists
                0x00000047       0x55 ./Core/Src/stm32f1xx_it.o
 .debug_rnglists
                0x0000009c       0x1a ./Core/Src/system_stm32f1xx.o
 .debug_rnglists
                0x000000b6       0x19 ./Core/Startup/startup_stm32f103c8tx.o
 .debug_rnglists
                0x000000cf       0xa3 ./Drivers/STM32F1xx_HAL_Driver/Src/stm32f1xx_hal.o
 .debug_rnglists
                0x00000172       0xbb ./Drivers/STM32F1xx_HAL_Driver/Src/stm32f1xx_hal_cortex.o
 .debug_rnglists
                0x0000022d       0x3f ./Drivers/STM32F1xx_HAL_Driver/Src/stm32f1xx_hal_gpio.o
 .debug_rnglists
                0x0000026c       0xf4 ./Drivers/STM32F1xx_HAL_Driver/Src/stm32f1xx_hal_pcd.o
 .debug_rnglists
                0x00000360       0x26 ./Drivers/STM32F1xx_HAL_Driver/Src/stm32f1xx_hal_pcd_ex.o
 .debug_rnglists
                0x00000386       0x6c ./Drivers/STM32F1xx_HAL_Driver/Src/stm32f1xx_hal_rcc.o
 .debug_rnglists
                0x000003f2       0x21 ./Drivers/STM32F1xx_HAL_Driver/Src/stm32f1xx_hal_rcc_ex.o
 .debug_rnglists
                0x00000413       0xbd ./Drivers/STM32F1xx_HAL_Driver/Src/stm32f1xx_ll_usb.o
 .debug_rnglists
                0x000004d0       0x57 ./Middlewares/ST/STM32_USB_Device_Library/Class/CustomHID/Src/usbd_customhid.o
 .debug_rnglists
                0x00000527       0x89 ./Middlewares/ST/STM32_USB_Device_Library/Core/Src/usbd_core.o
 .debug_rnglists
                0x000005b0       0x68 ./Middlewares/ST/STM32_USB_Device_Library/Core/Src/usbd_ctlreq.o
 .debug_rnglists
                0x00000618       0x37 ./Middlewares/ST/STM32_USB_Device_Library/Core/Src/usbd_ioreq.o
 .debug_rnglists
                0x0000064f       0x13 ./USB_DEVICE/App/usb_device.o
 .debug_rnglists
                0x00000662       0x1f ./USB_DEVICE/App/usbd_custom_hid_if.o
 .debug_rnglists
                0x00000681       0x43 ./USB_DEVICE/App/usbd_desc.o
 .debug_rnglists
                0x000006c4       0xce ./USB_DEVICE/Target/usbd_conf.o

.debug_macro    0x00000000    0x192a3
 .debug_macro   0x00000000      0x1c1 ./Core/Src/gpio.o
 .debug_macro   0x000001c1      0xaa8 ./Core/Src/gpio.o
 .debug_macro   0x00000c69      0x215 ./Core/Src/gpio.o
 .debug_macro   0x00000e7e       0x2e ./Core/Src/gpio.o
 .debug_macro   0x00000eac       0x22 ./Core/Src/gpio.o
 .debug_macro   0x00000ece       0x22 ./Core/Src/gpio.o
 .debug_macro   0x00000ef0       0x8e ./Core/Src/gpio.o
 .debug_macro   0x00000f7e       0x51 ./Core/Src/gpio.o
 .debug_macro   0x00000fcf      0x103 ./Core/Src/gpio.o
 .debug_macro   0x000010d2       0x6a ./Core/Src/gpio.o
 .debug_macro   0x0000113c      0x1df ./Core/Src/gpio.o
 .debug_macro   0x0000131b       0x1c ./Core/Src/gpio.o
 .debug_macro   0x00001337       0x22 ./Core/Src/gpio.o
 .debug_macro   0x00001359       0xbd ./Core/Src/gpio.o
 .debug_macro   0x00001416      0xd23 ./Core/Src/gpio.o
 .debug_macro   0x00002139     0xe09e ./Core/Src/gpio.o
 .debug_macro   0x000101d7       0x6d ./Core/Src/gpio.o
 .debug_macro   0x00010244     0x348d ./Core/Src/gpio.o
 .debug_macro   0x000136d1      0x189 ./Core/Src/gpio.o
 .debug_macro   0x0001385a       0x5c ./Core/Src/gpio.o
 .debug_macro   0x000138b6      0x5bc ./Core/Src/gpio.o
 .debug_macro   0x00013e72      0x289 ./Core/Src/gpio.o
 .debug_macro   0x000140fb      0x1cb ./Core/Src/gpio.o
 .debug_macro   0x000142c6      0x114 ./Core/Src/gpio.o
 .debug_macro   0x000143da      0x1b2 ./Core/Src/gpio.o
 .debug_macro   0x0001458c       0x27 ./Core/Src/gpio.o
 .debug_macro   0x000145b3      0x136 ./Core/Src/gpio.o
 .debug_macro   0x000146e9      0x1bc ./Core/Src/gpio.o
 .debug_macro   0x000148a5       0x34 ./Core/Src/gpio.o
 .debug_macro   0x000148d9       0x3c ./Core/Src/gpio.o
 .debug_macro   0x00014915       0x57 ./Core/Src/gpio.o
 .debug_macro   0x0001496c       0x87 ./Core/Src/gpio.o
 .debug_macro   0x000149f3      0x240 ./Core/Src/gpio.o
 .debug_macro   0x00014c33      0x140 ./Core/Src/gpio.o
 .debug_macro   0x00014d73       0xab ./Core/Src/gpio.o
 .debug_macro   0x00014e1e      0x242 ./Core/Src/gpio.o
 .debug_macro   0x00015060       0x83 ./Core/Src/gpio.o
 .debug_macro   0x000150e3       0x34 ./Core/Src/gpio.o
 .debug_macro   0x00015117      0x377 ./Core/Src/main.o
 .debug_macro   0x0001548e       0x61 ./Core/Src/main.o
 .debug_macro   0x000154ef       0x24 ./Core/Src/main.o
 .debug_macro   0x00015513       0x43 ./Core/Src/main.o
 .debug_macro   0x00015556       0x34 ./Core/Src/main.o
 .debug_macro   0x0001558a       0x16 ./Core/Src/main.o
 .debug_macro   0x000155a0       0x35 ./Core/Src/main.o
 .debug_macro   0x000155d5      0x369 ./Core/Src/main.o
 .debug_macro   0x0001593e       0x10 ./Core/Src/main.o
 .debug_macro   0x0001594e       0x16 ./Core/Src/main.o
 .debug_macro   0x00015964       0x43 ./Core/Src/main.o
 .debug_macro   0x000159a7       0x34 ./Core/Src/main.o
 .debug_macro   0x000159db       0x10 ./Core/Src/main.o
 .debug_macro   0x000159eb       0x58 ./Core/Src/main.o
 .debug_macro   0x00015a43       0x8e ./Core/Src/main.o
 .debug_macro   0x00015ad1       0x1c ./Core/Src/main.o
 .debug_macro   0x00015aed      0x177 ./Core/Src/main.o
 .debug_macro   0x00015c64       0x16 ./Core/Src/main.o
 .debug_macro   0x00015c7a       0x16 ./Core/Src/main.o
 .debug_macro   0x00015c90      0x146 ./Core/Src/main.o
 .debug_macro   0x00015dd6       0x16 ./Core/Src/main.o
 .debug_macro   0x00015dec       0x16 ./Core/Src/main.o
 .debug_macro   0x00015e02       0x29 ./Core/Src/main.o
 .debug_macro   0x00015e2b       0x16 ./Core/Src/main.o
 .debug_macro   0x00015e41       0x20 ./Core/Src/main.o
 .debug_macro   0x00015e61       0x6c ./Core/Src/main.o
 .debug_macro   0x00015ecd      0x1c8 ./Core/Src/main.o
 .debug_macro   0x00016095       0x65 ./Core/Src/main.o
 .debug_macro   0x000160fa      0x1b7 ./Core/Src/stm32f1xx_hal_msp.o
 .debug_macro   0x000162b1      0x1d4 ./Core/Src/stm32f1xx_it.o
 .debug_macro   0x00016485      0x1a8 ./Core/Src/system_stm32f1xx.o
 .debug_macro   0x0001662d      0x1cc ./Drivers/STM32F1xx_HAL_Driver/Src/stm32f1xx_hal.o
 .debug_macro   0x000167f9      0x1a8 ./Drivers/STM32F1xx_HAL_Driver/Src/stm32f1xx_hal_cortex.o
 .debug_macro   0x000169a1      0x213 ./Drivers/STM32F1xx_HAL_Driver/Src/stm32f1xx_hal_gpio.o
 .debug_macro   0x00016bb4      0x1b4 ./Drivers/STM32F1xx_HAL_Driver/Src/stm32f1xx_hal_pcd.o
 .debug_macro   0x00016d68      0x1a8 ./Drivers/STM32F1xx_HAL_Driver/Src/stm32f1xx_hal_pcd_ex.o
 .debug_macro   0x00016f10      0x1ba ./Drivers/STM32F1xx_HAL_Driver/Src/stm32f1xx_hal_rcc.o
 .debug_macro   0x000170ca      0x1a8 ./Drivers/STM32F1xx_HAL_Driver/Src/stm32f1xx_hal_rcc_ex.o
 .debug_macro   0x00017272      0x1a8 ./Drivers/STM32F1xx_HAL_Driver/Src/stm32f1xx_ll_usb.o
 .debug_macro   0x0001741a      0x346 ./Middlewares/ST/STM32_USB_Device_Library/Class/CustomHID/Src/usbd_customhid.o
 .debug_macro   0x00017760       0x9e ./Middlewares/ST/STM32_USB_Device_Library/Class/CustomHID/Src/usbd_customhid.o
 .debug_macro   0x000177fe      0x10b ./Middlewares/ST/STM32_USB_Device_Library/Class/CustomHID/Src/usbd_customhid.o
 .debug_macro   0x00017909       0x56 ./Middlewares/ST/STM32_USB_Device_Library/Class/CustomHID/Src/usbd_customhid.o
 .debug_macro   0x0001795f      0x32d ./Middlewares/ST/STM32_USB_Device_Library/Core/Src/usbd_core.o
 .debug_macro   0x00017c8c      0x1ce ./Middlewares/ST/STM32_USB_Device_Library/Core/Src/usbd_core.o
 .debug_macro   0x00017e5a      0x337 ./Middlewares/ST/STM32_USB_Device_Library/Core/Src/usbd_ctlreq.o
 .debug_macro   0x00018191      0x333 ./Middlewares/ST/STM32_USB_Device_Library/Core/Src/usbd_ioreq.o
 .debug_macro   0x000184c4      0x367 ./USB_DEVICE/App/usb_device.o
 .debug_macro   0x0001882b       0x3a ./USB_DEVICE/App/usb_device.o
 .debug_macro   0x00018865       0x22 ./USB_DEVICE/App/usb_device.o
 .debug_macro   0x00018887      0x34c ./USB_DEVICE/App/usbd_custom_hid_if.o
 .debug_macro   0x00018bd3      0x36a ./USB_DEVICE/App/usbd_desc.o
 .debug_macro   0x00018f3d       0x1c ./USB_DEVICE/App/usbd_desc.o
 .debug_macro   0x00018f59      0x34a ./USB_DEVICE/Target/usbd_conf.o

.debug_line     0x00000000     0xe8ab
 .debug_line    0x00000000      0x72b ./Core/Src/gpio.o
 .debug_line    0x0000072b      0xa48 ./Core/Src/main.o
 .debug_line    0x00001173      0x6e8 ./Core/Src/stm32f1xx_hal_msp.o
 .debug_line    0x0000185b      0x81e ./Core/Src/stm32f1xx_it.o
 .debug_line    0x00002079      0x765 ./Core/Src/system_stm32f1xx.o
 .debug_line    0x000027de       0x78 ./Core/Startup/startup_stm32f103c8tx.o
 .debug_line    0x00002856      0x992 ./Drivers/STM32F1xx_HAL_Driver/Src/stm32f1xx_hal.o
 .debug_line    0x000031e8      0xb7e ./Drivers/STM32F1xx_HAL_Driver/Src/stm32f1xx_hal_cortex.o
 .debug_line    0x00003d66      0xa2b ./Drivers/STM32F1xx_HAL_Driver/Src/stm32f1xx_hal_gpio.o
 .debug_line    0x00004791     0x13ed ./Drivers/STM32F1xx_HAL_Driver/Src/stm32f1xx_hal_pcd.o
 .debug_line    0x00005b7e      0x760 ./Drivers/STM32F1xx_HAL_Driver/Src/stm32f1xx_hal_pcd_ex.o
 .debug_line    0x000062de      0xd9b ./Drivers/STM32F1xx_HAL_Driver/Src/stm32f1xx_hal_rcc.o
 .debug_line    0x00007079      0x8dc ./Drivers/STM32F1xx_HAL_Driver/Src/stm32f1xx_hal_rcc_ex.o
 .debug_line    0x00007955     0x1063 ./Drivers/STM32F1xx_HAL_Driver/Src/stm32f1xx_ll_usb.o
 .debug_line    0x000089b8      0xc40 ./Middlewares/ST/STM32_USB_Device_Library/Class/CustomHID/Src/usbd_customhid.o
 .debug_line    0x000095f8      0xd5f ./Middlewares/ST/STM32_USB_Device_Library/Core/Src/usbd_core.o
 .debug_line    0x0000a357      0xf9f ./Middlewares/ST/STM32_USB_Device_Library/Core/Src/usbd_ctlreq.o
 .debug_line    0x0000b2f6      0x9f5 ./Middlewares/ST/STM32_USB_Device_Library/Core/Src/usbd_ioreq.o
 .debug_line    0x0000bceb      0x9c8 ./USB_DEVICE/App/usb_device.o
 .debug_line    0x0000c6b3      0x9d7 ./USB_DEVICE/App/usbd_custom_hid_if.o
 .debug_line    0x0000d08a      0xa7e ./USB_DEVICE/App/usbd_desc.o
 .debug_line    0x0000db08      0xda3 ./USB_DEVICE/Target/usbd_conf.o

.debug_str      0x00000000    0x84687
 .debug_str     0x00000000    0x7d6d0 ./Core/Src/gpio.o
                              0x7da9c (size before relaxing)
 .debug_str     0x0007d6d0     0x4a85 ./Core/Src/main.o
                              0x821fd (size before relaxing)
 .debug_str     0x00082155       0x5a ./Core/Src/stm32f1xx_hal_msp.o
                              0x7d71d (size before relaxing)
 .debug_str     0x000821af      0x446 ./Core/Src/stm32f1xx_it.o
                              0x7dc2e (size before relaxing)
 .debug_str     0x000825f5       0x7e ./Core/Src/system_stm32f1xx.o
                              0x7d67d (size before relaxing)
 .debug_str     0x00082673       0x44 ./Core/Startup/startup_stm32f103c8tx.o
                                 0x6c (size before relaxing)
 .debug_str     0x000826b7      0x384 ./Drivers/STM32F1xx_HAL_Driver/Src/stm32f1xx_hal.o
                              0x7ddb0 (size before relaxing)
 .debug_str     0x00082a3b      0x280 ./Drivers/STM32F1xx_HAL_Driver/Src/stm32f1xx_hal_cortex.o
                              0x7dcfc (size before relaxing)
 .debug_str     0x00082cbb      0x2cc ./Drivers/STM32F1xx_HAL_Driver/Src/stm32f1xx_hal_gpio.o
                              0x7da03 (size before relaxing)
 .debug_str     0x00082f87      0x5bd ./Drivers/STM32F1xx_HAL_Driver/Src/stm32f1xx_hal_pcd.o
                              0x7df8f (size before relaxing)
 .debug_str     0x00083544      0x170 ./Drivers/STM32F1xx_HAL_Driver/Src/stm32f1xx_hal_pcd_ex.o
                              0x7daf1 (size before relaxing)
 .debug_str     0x000836b4      0x217 ./Drivers/STM32F1xx_HAL_Driver/Src/stm32f1xx_hal_rcc.o
                              0x7daac (size before relaxing)
 .debug_str     0x000838cb       0x9f ./Drivers/STM32F1xx_HAL_Driver/Src/stm32f1xx_hal_rcc_ex.o
                              0x7d7fc (size before relaxing)
 .debug_str     0x0008396a      0x129 ./Drivers/STM32F1xx_HAL_Driver/Src/stm32f1xx_ll_usb.o
                              0x7db43 (size before relaxing)
 .debug_str     0x00083a93      0x3c4 ./Middlewares/ST/STM32_USB_Device_Library/Class/CustomHID/Src/usbd_customhid.o
                              0x822b9 (size before relaxing)
 .debug_str     0x00083e57      0x281 ./Middlewares/ST/STM32_USB_Device_Library/Core/Src/usbd_core.o
                              0x81f8b (size before relaxing)
 .debug_str     0x000840d8      0x11b ./Middlewares/ST/STM32_USB_Device_Library/Core/Src/usbd_ctlreq.o
                              0x81ea5 (size before relaxing)
 .debug_str     0x000841f3       0x67 ./Middlewares/ST/STM32_USB_Device_Library/Core/Src/usbd_ioreq.o
                              0x81dd2 (size before relaxing)
 .debug_str     0x0008425a       0xd3 ./USB_DEVICE/App/usb_device.o
                              0x8207a (size before relaxing)
 .debug_str     0x0008432d       0x7f ./USB_DEVICE/App/usbd_custom_hid_if.o
                              0x81c60 (size before relaxing)
 .debug_str     0x000843ac      0x263 ./USB_DEVICE/App/usbd_desc.o
                              0x81d19 (size before relaxing)
 .debug_str     0x0008460f       0x78 ./USB_DEVICE/Target/usbd_conf.o
                              0x82b02 (size before relaxing)

.comment        0x00000000       0x43
 .comment       0x00000000       0x43 ./Core/Src/gpio.o
                                 0x44 (size before relaxing)
 .comment       0x00000043       0x44 ./Core/Src/main.o
 .comment       0x00000043       0x44 ./Core/Src/stm32f1xx_hal_msp.o
 .comment       0x00000043       0x44 ./Core/Src/stm32f1xx_it.o
 .comment       0x00000043       0x44 ./Core/Src/system_stm32f1xx.o
 .comment       0x00000043       0x44 ./Drivers/STM32F1xx_HAL_Driver/Src/stm32f1xx_hal.o
 .comment       0x00000043       0x44 ./Drivers/STM32F1xx_HAL_Driver/Src/stm32f1xx_hal_cortex.o
 .comment       0x00000043       0x44 ./Drivers/STM32F1xx_HAL_Driver/Src/stm32f1xx_hal_gpio.o
 .comment       0x00000043       0x44 ./Drivers/STM32F1xx_HAL_Driver/Src/stm32f1xx_hal_pcd.o
 .comment       0x00000043       0x44 ./Drivers/STM32F1xx_HAL_Driver/Src/stm32f1xx_hal_pcd_ex.o
 .comment       0x00000043       0x44 ./Drivers/STM32F1xx_HAL_Driver/Src/stm32f1xx_hal_rcc.o
 .comment       0x00000043       0x44 ./Drivers/STM32F1xx_HAL_Driver/Src/stm32f1xx_hal_rcc_ex.o
 .comment       0x00000043       0x44 ./Drivers/STM32F1xx_HAL_Driver/Src/stm32f1xx_ll_usb.o
 .comment       0x00000043       0x44 ./Middlewares/ST/STM32_USB_Device_Library/Class/CustomHID/Src/usbd_customhid.o
 .comment       0x00000043       0x44 ./Middlewares/ST/STM32_USB_Device_Library/Core/Src/usbd_core.o
 .comment       0x00000043       0x44 ./Middlewares/ST/STM32_USB_Device_Library/Core/Src/usbd_ctlreq.o
 .comment       0x00000043       0x44 ./Middlewares/ST/STM32_USB_Device_Library/Core/Src/usbd_ioreq.o
 .comment       0x00000043       0x44 ./USB_DEVICE/App/usb_device.o
 .comment       0x00000043       0x44 ./USB_DEVICE/App/usbd_custom_hid_if.o
 .comment       0x00000043       0x44 ./USB_DEVICE/App/usbd_desc.o
 .comment       0x00000043       0x44 ./USB_DEVICE/Target/usbd_conf.o

.debug_frame    0x00000000     0x2774
 .debug_frame   0x00000000       0x34 ./Core/Src/gpio.o
 .debug_frame   0x00000034       0x68 ./Core/Src/main.o
 .debug_frame   0x0000009c       0x38 ./Core/Src/stm32f1xx_hal_msp.o
 .debug_frame   0x000000d4      0x158 ./Core/Src/stm32f1xx_it.o
 .debug_frame   0x0000022c       0x58 ./Core/Src/system_stm32f1xx.o
 .debug_frame   0x00000284      0x334 ./Drivers/STM32F1xx_HAL_Driver/Src/stm32f1xx_hal.o
 .debug_frame   0x000005b8      0x428 ./Drivers/STM32F1xx_HAL_Driver/Src/stm32f1xx_hal_cortex.o
 .debug_frame   0x000009e0      0x14c ./Drivers/STM32F1xx_HAL_Driver/Src/stm32f1xx_hal_gpio.o
 .debug_frame   0x00000b2c      0x59c ./Drivers/STM32F1xx_HAL_Driver/Src/stm32f1xx_hal_pcd.o
 .debug_frame   0x000010c8       0xb0 ./Drivers/STM32F1xx_HAL_Driver/Src/stm32f1xx_hal_pcd_ex.o
 .debug_frame   0x00001178      0x218 ./Drivers/STM32F1xx_HAL_Driver/Src/stm32f1xx_hal_rcc.o
 .debug_frame   0x00001390       0x80 ./Drivers/STM32F1xx_HAL_Driver/Src/stm32f1xx_hal_rcc_ex.o
 .debug_frame   0x00001410      0x478 ./Drivers/STM32F1xx_HAL_Driver/Src/stm32f1xx_ll_usb.o
 .debug_frame   0x00001888      0x1d8 ./Middlewares/ST/STM32_USB_Device_Library/Class/CustomHID/Src/usbd_customhid.o
 .debug_frame   0x00001a60      0x300 ./Middlewares/ST/STM32_USB_Device_Library/Core/Src/usbd_core.o
 .debug_frame   0x00001d60      0x218 ./Middlewares/ST/STM32_USB_Device_Library/Core/Src/usbd_ctlreq.o
 .debug_frame   0x00001f78      0x10c ./Middlewares/ST/STM32_USB_Device_Library/Core/Src/usbd_ioreq.o
 .debug_frame   0x00002084       0x2c ./USB_DEVICE/App/usb_device.o
 .debug_frame   0x000020b0       0x74 ./USB_DEVICE/App/usbd_custom_hid_if.o
 .debug_frame   0x00002124      0x160 ./USB_DEVICE/App/usbd_desc.o
 .debug_frame   0x00002284      0x4a4 ./USB_DEVICE/Target/usbd_conf.o
 .debug_frame   0x00002728       0x20 E:/ST/STM32CubeIDE/STM32CubeIDE/plugins/com.st.stm32cube.ide.mcu.externaltools.gnu-tools-for-stm32.12.3.rel1.win32_1.0.200.202406191623/tools/bin/../lib/gcc/arm-none-eabi/12.3.1/../../../../arm-none-eabi/lib/thumb/v7-m/nofp\libc_nano.a(libc_a-memset.o)
 .debug_frame   0x00002748       0x2c E:/ST/STM32CubeIDE/STM32CubeIDE/plugins/com.st.stm32cube.ide.mcu.externaltools.gnu-tools-for-stm32.12.3.rel1.win32_1.0.200.202406191623/tools/bin/../lib/gcc/arm-none-eabi/12.3.1/../../../../arm-none-eabi/lib/thumb/v7-m/nofp\libc_nano.a(libc_a-init.o)

.debug_line_str
                0x00000000       0x50
 .debug_line_str
                0x00000000       0x50 ./Core/Startup/startup_stm32f103c8tx.o
